﻿
   FAIL  Tests\Feature\UserLanguageTest
  Γ£ô user can switch language   21.73s  
  Γ£ô middleware defaults to id   0.05s  
  Γ£ô middleware uses session loΓÇª 0.05s  
  Γ¿» middleware uses authenticaΓÇª 0.83s  
  ΓöÇΓöÇΓöÇΓöÇΓöÇΓöÇΓöÇΓöÇΓöÇΓöÇΓöÇΓöÇΓöÇΓöÇΓöÇΓöÇΓöÇΓöÇΓöÇΓöÇΓöÇΓöÇΓöÇΓöÇΓöÇΓöÇΓöÇΓöÇΓöÇΓöÇΓöÇΓöÇΓöÇΓöÇΓöÇ  
   FAILED  Tests\Feature\UserLanguaΓÇª   
  Expected response status code [200] but received 500.
Failed asserting that 500 is identical to 200.

The following exception occurred during the last request:

Symfony\Component\Routing\Exception\RouteNotFoundException: Route [locale.switch] not defined. in F:\AvanD\PRIBADI\PEKERJAAN\FREELANCE\Avan Consultant\Website\warehouse-inventory\vendor\laravel\framework\src\Illuminate\Routing\UrlGenerator.php:526
Stack trace:
#0 F:\AvanD\PRIBADI\PEKERJAAN\FREELANCE\Avan Consultant\Website\warehouse-inventory\vendor\laravel\framework\src\Illuminate\Foundation\helpers.php(871): Illuminate\Routing\UrlGenerator->route('locale.switch', 'en', true)
#1 F:\AvanD\PRIBADI\PEKERJAAN\FREELANCE\Avan Consultant\Website\warehouse-inventory\storage\framework\views\6f036137a8870f4921009c3088530e71.php(39): route('locale.switch', 'en')
#2 F:\AvanD\PRIBADI\PEKERJAAN\FREELANCE\Avan Consultant\Website\warehouse-inventory\vendor\laravel\framework\src\Illuminate\Filesystem\Filesystem.php(123): require('F:\\AvanD\\PRIBAD...')
#3 F:\AvanD\PRIBADI\PEKERJAAN\FREELANCE\Avan Consultant\Website\warehouse-inventory\vendor\laravel\framework\src\Illuminate\Filesystem\Filesystem.php(124): Illuminate\Filesystem\Filesystem::{closure:Illuminate\Filesystem\Filesystem::getRequire():120}()
#4 F:\AvanD\PRIBADI\PEKERJAAN\FREELANCE\Avan Consultant\Website\warehouse-inventory\vendor\laravel\framework\src\Illuminate\View\Engines\PhpEngine.php(57): Illuminate\Filesystem\Filesystem->getRequire('F:\\AvanD\\PRIBAD...', Array)
#5 F:\AvanD\PRIBADI\PEKERJAAN\FREELANCE\Avan Consultant\Website\warehouse-inventory\vendor\laravel\framework\src\Illuminate\View\Engines\CompilerEngine.php(76): Illuminate\View\Engines\PhpEngine->evaluatePath('F:\\AvanD\\PRIBAD...', Array)
#6 F:\AvanD\PRIBADI\PEKERJAAN\FREELANCE\Avan Consultant\Website\warehouse-inventory\vendor\laravel\framework\src\Illuminate\View\View.php(208): Illuminate\View\Engines\CompilerEngine->get('F:\\AvanD\\PRIBAD...', Array)
#7 F:\AvanD\PRIBADI\PEKERJAAN\FREELANCE\Avan Consultant\Website\warehouse-inventory\vendor\laravel\framework\src\Illuminate\View\View.php(191): Illuminate\View\View->getContents()
#8 F:\AvanD\PRIBADI\PEKERJAAN\FREELANCE\Avan Consultant\Website\warehouse-inventory\vendor\laravel\framework\src\Illuminate\View\View.php(160): Illuminate\View\View->renderContents()
#9 F:\AvanD\PRIBADI\PEKERJAAN\FREELANCE\Avan Consultant\Website\warehouse-inventory\storage\framework\views\bb63d4ce8c62a724d06962daadadba9e.php(58): Illuminate\View\View->render()
#10 F:\AvanD\PRIBADI\PEKERJAAN\FREELANCE\Avan Consultant\Website\warehouse-inventory\vendor\laravel\framework\src\Illuminate\Filesystem\Filesystem.php(123): require('F:\\AvanD\\PRIBAD...')
#11 F:\AvanD\PRIBADI\PEKERJAAN\FREELANCE\Avan Consultant\Website\warehouse-inventory\vendor\laravel\framework\src\Illuminate\Filesystem\Filesystem.php(124): Illuminate\Filesystem\Filesystem::{closure:Illuminate\Filesystem\Filesystem::getRequire():120}()
#12 F:\AvanD\PRIBADI\PEKERJAAN\FREELANCE\Avan Consultant\Website\warehouse-inventory\vendor\laravel\framework\src\Illuminate\View\Engines\PhpEngine.php(57): Illuminate\Filesystem\Filesystem->getRequire('F:\\AvanD\\PRIBAD...', Array)
#13 F:\AvanD\PRIBADI\PEKERJAAN\FREELANCE\Avan Consultant\Website\warehouse-inventory\vendor\laravel\framework\src\Illuminate\View\Engines\CompilerEngine.php(76): Illuminate\View\Engines\PhpEngine->evaluatePath('F:\\AvanD\\PRIBAD...', Array)
#14 F:\AvanD\PRIBADI\PEKERJAAN\FREELANCE\Avan Consultant\Website\warehouse-inventory\vendor\laravel\framework\src\Illuminate\View\View.php(208): Illuminate\View\Engines\CompilerEngine->get('F:\\AvanD\\PRIBAD...', Array)
#15 F:\AvanD\PRIBADI\PEKERJAAN\FREELANCE\Avan Consultant\Website\warehouse-inventory\vendor\laravel\framework\src\Illuminate\View\View.php(191): Illuminate\View\View->getContents()
#16 F:\AvanD\PRIBADI\PEKERJAAN\FREELANCE\Avan Consultant\Website\warehouse-inventory\vendor\laravel\framework\src\Illuminate\View\View.php(160): Illuminate\View\View->renderContents()
#17 F:\AvanD\PRIBADI\PEKERJAAN\FREELANCE\Avan Consultant\Website\warehouse-inventory\storage\framework\views\9f5fe071161f9ede4f65f90f9bf55f87.php(510): Illuminate\View\View->render()
#18 F:\AvanD\PRIBADI\PEKERJAAN\FREELANCE\Avan Consultant\Website\warehouse-inventory\vendor\laravel\framework\src\Illuminate\Filesystem\Filesystem.php(123): require('F:\\AvanD\\PRIBAD...')
#19 F:\AvanD\PRIBADI\PEKERJAAN\FREELANCE\Avan Consultant\Website\warehouse-inventory\vendor\laravel\framework\src\Illuminate\Filesystem\Filesystem.php(124): Illuminate\Filesystem\Filesystem::{closure:Illuminate\Filesystem\Filesystem::getRequire():120}()
#20 F:\AvanD\PRIBADI\PEKERJAAN\FREELANCE\Avan Consultant\Website\warehouse-inventory\vendor\laravel\framework\src\Illuminate\View\Engines\PhpEngine.php(57): Illuminate\Filesystem\Filesystem->getRequire('F:\\AvanD\\PRIBAD...', Array)
#21 F:\AvanD\PRIBADI\PEKERJAAN\FREELANCE\Avan Consultant\Website\warehouse-inventory\vendor\laravel\framework\src\Illuminate\View\Engines\CompilerEngine.php(76): Illuminate\View\Engines\PhpEngine->evaluatePath('F:\\AvanD\\PRIBAD...', Array)
#22 F:\AvanD\PRIBADI\PEKERJAAN\FREELANCE\Avan Consultant\Website\warehouse-inventory\vendor\laravel\framework\src\Illuminate\View\View.php(208): Illuminate\View\Engines\CompilerEngine->get('F:\\AvanD\\PRIBAD...', Array)
#23 F:\AvanD\PRIBADI\PEKERJAAN\FREELANCE\Avan Consultant\Website\warehouse-inventory\vendor\laravel\framework\src\Illuminate\View\View.php(191): Illuminate\View\View->getContents()
#24 F:\AvanD\PRIBADI\PEKERJAAN\FREELANCE\Avan Consultant\Website\warehouse-inventory\vendor\laravel\framework\src\Illuminate\View\View.php(160): Illuminate\View\View->renderContents()
#25 F:\AvanD\PRIBADI\PEKERJAAN\FREELANCE\Avan Consultant\Website\warehouse-inventory\vendor\laravel\framework\src\Illuminate\Http\Response.php(78): Illuminate\View\View->render()
#26 F:\AvanD\PRIBADI\PEKERJAAN\FREELANCE\Avan Consultant\Website\warehouse-inventory\vendor\laravel\framework\src\Illuminate\Http\Response.php(34): Illuminate\Http\Response->setContent(Object(Illuminate\View\View))
#27 F:\AvanD\PRIBADI\PEKERJAAN\FREELANCE\Avan Consultant\Website\warehouse-inventory\vendor\laravel\framework\src\Illuminate\Routing\Router.php(939): Illuminate\Http\Response->__construct(Object(Illuminate\View\View), 200, Array)
#28 F:\AvanD\PRIBADI\PEKERJAAN\FREELANCE\Avan Consultant\Website\warehouse-inventory\vendor\laravel\framework\src\Illuminate\Routing\Router.php(906): Illuminate\Routing\Router::toResponse(Object(Illuminate\Http\Request), Object(Illuminate\View\View))
#29 F:\AvanD\PRIBADI\PEKERJAAN\FREELANCE\Avan Consultant\Website\warehouse-inventory\vendor\laravel\framework\src\Illuminate\Routing\Router.php(821): Illuminate\Routing\Router->prepareResponse(Object(Illuminate\Http\Request), Object(Illuminate\View\View))
#30 F:\AvanD\PRIBADI\PEKERJAAN\FREELANCE\Avan Consultant\Website\warehouse-inventory\vendor\laravel\framework\src\Illuminate\Pipeline\Pipeline.php(180): Illuminate\Routing\Router->{closure:Illuminate\Routing\Router::runRouteWithinStack():821}(Object(Illuminate\Http\Request))
#31 F:\AvanD\PRIBADI\PEKERJAAN\FREELANCE\Avan Consultant\Website\warehouse-inventory\vendor\laravel\framework\src\Illuminate\Auth\Middleware\EnsureEmailIsVerified.php(41): Illuminate\Pipeline\Pipeline->{closure:Illuminate\Pipeline\Pipeline::prepareDestination():178}(Object(Illuminate\Http\Request))
#32 F:\AvanD\PRIBADI\PEKERJAAN\FREELANCE\Avan Consultant\Website\warehouse-inventory\vendor\laravel\framework\src\Illuminate\Pipeline\Pipeline.php(219): Illuminate\Auth\Middleware\EnsureEmailIsVerified->handle(Object(Illuminate\Http\Request), Object(Closure))
#33 F:\AvanD\PRIBADI\PEKERJAAN\FREELANCE\Avan Consultant\Website\warehouse-inventory\app\Http\Middleware\CheckSubscriptionActive.php(38): Illuminate\Pipeline\Pipeline->{closure:{closure:Illuminate\Pipeline\Pipeline::carry():194}:195}(Object(Illuminate\Http\Request))
#34 F:\AvanD\PRIBADI\PEKERJAAN\FREELANCE\Avan Consultant\Website\warehouse-inventory\vendor\laravel\framework\src\Illuminate\Pipeline\Pipeline.php(219): App\Http\Middleware\CheckSubscriptionActive->handle(Object(Illuminate\Http\Request), Object(Closure))
#35 F:\AvanD\PRIBADI\PEKERJAAN\FREELANCE\Avan Consultant\Website\warehouse-inventory\app\Http\Middleware\LogUserActivity.php(25): Illuminate\Pipeline\Pipeline->{closure:{closure:Illuminate\Pipeline\Pipeline::carry():194}:195}(Object(Illuminate\Http\Request))
#36 F:\AvanD\PRIBADI\PEKERJAAN\FREELANCE\Avan Consultant\Website\warehouse-inventory\vendor\laravel\framework\src\Illuminate\Pipeline\Pipeline.php(219): App\Http\Middleware\LogUserActivity->handle(Object(Illuminate\Http\Request), Object(Closure))
#37 F:\AvanD\PRIBADI\PEKERJAAN\FREELANCE\Avan Consultant\Website\warehouse-inventory\app\Http\Middleware\BlockSuspiciousRequests.php(78): Illuminate\Pipeline\Pipeline->{closure:{closure:Illuminate\Pipeline\Pipeline::carry():194}:195}(Object(Illuminate\Http\Request))
#38 F:\AvanD\PRIBADI\PEKERJAAN\FREELANCE\Avan Consultant\Website\warehouse-inventory\vendor\laravel\framework\src\Illuminate\Pipeline\Pipeline.php(219): App\Http\Middleware\BlockSuspiciousRequests->handle(Object(Illuminate\Http\Request), Object(Closure))
#39 F:\AvanD\PRIBADI\PEKERJAAN\FREELANCE\Avan Consultant\Website\warehouse-inventory\app\Http\Middleware\SecurityHeaders.php(18): Illuminate\Pipeline\Pipeline->{closure:{closure:Illuminate\Pipeline\Pipeline::carry():194}:195}(Object(Illuminate\Http\Request))
#40 F:\AvanD\PRIBADI\PEKERJAAN\FREELANCE\Avan Consultant\Website\warehouse-inventory\vendor\laravel\framework\src\Illuminate\Pipeline\Pipeline.php(219): App\Http\Middleware\SecurityHeaders->handle(Object(Illuminate\Http\Request), Object(Closure))
#41 F:\AvanD\PRIBADI\PEKERJAAN\FREELANCE\Avan Consultant\Website\warehouse-inventory\app\Http\Middleware\SetLocaleMiddleware.php(42): Illuminate\Pipeline\Pipeline->{closure:{closure:Illuminate\Pipeline\Pipeline::carry():194}:195}(Object(Illuminate\Http\Request))
#42 F:\AvanD\PRIBADI\PEKERJAAN\FREELANCE\Avan Consultant\Website\warehouse-inventory\vendor\laravel\framework\src\Illuminate\Pipeline\Pipeline.php(219): App\Http\Middleware\SetLocaleMiddleware->handle(Object(Illuminate\Http\Request), Object(Closure))
#43 F:\AvanD\PRIBADI\PEKERJAAN\FREELANCE\Avan Consultant\Website\warehouse-inventory\vendor\laravel\framework\src\Illuminate\Routing\Middleware\SubstituteBindings.php(50): Illuminate\Pipeline\Pipeline->{closure:{closure:Illuminate\Pipeline\Pipeline::carry():194}:195}(Object(Illuminate\Http\Request))
#44 F:\AvanD\PRIBADI\PEKERJAAN\FREELANCE\Avan Consultant\Website\warehouse-inventory\vendor\laravel\framework\src\Illuminate\Pipeline\Pipeline.php(219): Illuminate\Routing\Middleware\SubstituteBindings->handle(Object(Illuminate\Http\Request), Object(Closure))
#45 F:\AvanD\PRIBADI\PEKERJAAN\FREELANCE\Avan Consultant\Website\warehouse-inventory\vendor\laravel\framework\src\Illuminate\Auth\Middleware\Authenticate.php(63): Illuminate\Pipeline\Pipeline->{closure:{closure:Illuminate\Pipeline\Pipeline::carry():194}:195}(Object(Illuminate\Http\Request))
#46 F:\AvanD\PRIBADI\PEKERJAAN\FREELANCE\Avan Consultant\Website\warehouse-inventory\vendor\laravel\framework\src\Illuminate\Pipeline\Pipeline.php(219): Illuminate\Auth\Middleware\Authenticate->handle(Object(Illuminate\Http\Request), Object(Closure))
#47 F:\AvanD\PRIBADI\PEKERJAAN\FREELANCE\Avan Consultant\Website\warehouse-inventory\vendor\laravel\framework\src\Illuminate\Foundation\Http\Middleware\VerifyCsrfToken.php(87): Illuminate\Pipeline\Pipeline->{closure:{closure:Illuminate\Pipeline\Pipeline::carry():194}:195}(Object(Illuminate\Http\Request))
#48 F:\AvanD\PRIBADI\PEKERJAAN\FREELANCE\Avan Consultant\Website\warehouse-inventory\vendor\laravel\framework\src\Illuminate\Pipeline\Pipeline.php(219): Illuminate\Foundation\Http\Middleware\VerifyCsrfToken->handle(Object(Illuminate\Http\Request), Object(Closure))
#49 F:\AvanD\PRIBADI\PEKERJAAN\FREELANCE\Avan Consultant\Website\warehouse-inventory\vendor\laravel\framework\src\Illuminate\View\Middleware\ShareErrorsFromSession.php(48): Illuminate\Pipeline\Pipeline->{closure:{closure:Illuminate\Pipeline\Pipeline::carry():194}:195}(Object(Illuminate\Http\Request))
#50 F:\AvanD\PRIBADI\PEKERJAAN\FREELANCE\Avan Consultant\Website\warehouse-inventory\vendor\laravel\framework\src\Illuminate\Pipeline\Pipeline.php(219): Illuminate\View\Middleware\ShareErrorsFromSession->handle(Object(Illuminate\Http\Request), Object(Closure))
#51 F:\AvanD\PRIBADI\PEKERJAAN\FREELANCE\Avan Consultant\Website\warehouse-inventory\vendor\laravel\framework\src\Illuminate\Session\Middleware\StartSession.php(120): Illuminate\Pipeline\Pipeline->{closure:{closure:Illuminate\Pipeline\Pipeline::carry():194}:195}(Object(Illuminate\Http\Request))
#52 F:\AvanD\PRIBADI\PEKERJAAN\FREELANCE\Avan Consultant\Website\warehouse-inventory\vendor\laravel\framework\src\Illuminate\Session\Middleware\StartSession.php(63): Illuminate\Session\Middleware\StartSession->handleStatefulRequest(Object(Illuminate\Http\Request), Object(Illuminate\Session\Store), Object(Closure))
#53 F:\AvanD\PRIBADI\PEKERJAAN\FREELANCE\Avan Consultant\Website\warehouse-inventory\vendor\laravel\framework\src\Illuminate\Pipeline\Pipeline.php(219): Illuminate\Session\Middleware\StartSession->handle(Object(Illuminate\Http\Request), Object(Closure))
#54 F:\AvanD\PRIBADI\PEKERJAAN\FREELANCE\Avan Consultant\Website\warehouse-inventory\vendor\laravel\framework\src\Illuminate\Cookie\Middleware\AddQueuedCookiesToResponse.php(36): Illuminate\Pipeline\Pipeline->{closure:{closure:Illuminate\Pipeline\Pipeline::carry():194}:195}(Object(Illuminate\Http\Request))
#55 F:\AvanD\PRIBADI\PEKERJAAN\FREELANCE\Avan Consultant\Website\warehouse-inventory\vendor\laravel\framework\src\Illuminate\Pipeline\Pipeline.php(219): Illuminate\Cookie\Middleware\AddQueuedCookiesToResponse->handle(Object(Illuminate\Http\Request), Object(Closure))
#56 F:\AvanD\PRIBADI\PEKERJAAN\FREELANCE\Avan Consultant\Website\warehouse-inventory\vendor\laravel\framework\src\Illuminate\Cookie\Middleware\EncryptCookies.php(74): Illuminate\Pipeline\Pipeline->{closure:{closure:Illuminate\Pipeline\Pipeline::carry():194}:195}(Object(Illuminate\Http\Request))
#57 F:\AvanD\PRIBADI\PEKERJAAN\FREELANCE\Avan Consultant\Website\warehouse-inventory\vendor\laravel\framework\src\Illuminate\Pipeline\Pipeline.php(219): Illuminate\Cookie\Middleware\EncryptCookies->handle(Object(Illuminate\Http\Request), Object(Closure))
#58 F:\AvanD\PRIBADI\PEKERJAAN\FREELANCE\Avan Consultant\Website\warehouse-inventory\vendor\laravel\framework\src\Illuminate\Pipeline\Pipeline.php(137): Illuminate\Pipeline\Pipeline->{closure:{closure:Illuminate\Pipeline\Pipeline::carry():194}:195}(Object(Illuminate\Http\Request))
#59 F:\AvanD\PRIBADI\PEKERJAAN\FREELANCE\Avan Consultant\Website\warehouse-inventory\vendor\laravel\framework\src\Illuminate\Routing\Router.php(821): Illuminate\Pipeline\Pipeline->then(Object(Closure))
#60 F:\AvanD\PRIBADI\PEKERJAAN\FREELANCE\Avan Consultant\Website\warehouse-inventory\vendor\laravel\framework\src\Illuminate\Routing\Router.php(800): Illuminate\Routing\Router->runRouteWithinStack(Object(Illuminate\Routing\Route), Object(Illuminate\Http\Request))
#61 F:\AvanD\PRIBADI\PEKERJAAN\FREELANCE\Avan Consultant\Website\warehouse-inventory\vendor\laravel\framework\src\Illuminate\Routing\Router.php(764): Illuminate\Routing\Router->runRoute(Object(Illuminate\Http\Request), Object(Illuminate\Routing\Route))
#62 F:\AvanD\PRIBADI\PEKERJAAN\FREELANCE\Avan Consultant\Website\warehouse-inventory\vendor\laravel\framework\src\Illuminate\Routing\Router.php(753): Illuminate\Routing\Router->dispatchToRoute(Object(Illuminate\Http\Request))
#63 F:\AvanD\PRIBADI\PEKERJAAN\FREELANCE\Avan Consultant\Website\warehouse-inventory\vendor\laravel\framework\src\Illuminate\Foundation\Http\Kernel.php(200): Illuminate\Routing\Router->dispatch(Object(Illuminate\Http\Request))
#64 F:\AvanD\PRIBADI\PEKERJAAN\FREELANCE\Avan Consultant\Website\warehouse-inventory\vendor\laravel\framework\src\Illuminate\Pipeline\Pipeline.php(180): Illuminate\Foundation\Http\Kernel->{closure:Illuminate\Foundation\Http\Kernel::dispatchToRouter():197}(Object(Illuminate\Http\Request))
#65 F:\AvanD\PRIBADI\PEKERJAAN\FREELANCE\Avan Consultant\Website\warehouse-inventory\vendor\laravel\framework\src\Illuminate\Foundation\Http\Middleware\TransformsRequest.php(21): Illuminate\Pipeline\Pipeline->{closure:Illuminate\Pipeline\Pipeline::prepareDestination():178}(Object(Illuminate\Http\Request))
#66 F:\AvanD\PRIBADI\PEKERJAAN\FREELANCE\Avan Consultant\Website\warehouse-inventory\vendor\laravel\framework\src\Illuminate\Foundation\Http\Middleware\ConvertEmptyStringsToNull.php(31): Illuminate\Foundation\Http\Middleware\TransformsRequest->handle(Object(Illuminate\Http\Request), Object(Closure))
#67 F:\AvanD\PRIBADI\PEKERJAAN\FREELANCE\Avan Consultant\Website\warehouse-inventory\vendor\laravel\framework\src\Illuminate\Pipeline\Pipeline.php(219): Illuminate\Foundation\Http\Middleware\ConvertEmptyStringsToNull->handle(Object(Illuminate\Http\Request), Object(Closure))
#68 F:\AvanD\PRIBADI\PEKERJAAN\FREELANCE\Avan Consultant\Website\warehouse-inventory\vendor\laravel\framework\src\Illuminate\Foundation\Http\Middleware\TransformsRequest.php(21): Illuminate\Pipeline\Pipeline->{closure:{closure:Illuminate\Pipeline\Pipeline::carry():194}:195}(Object(Illuminate\Http\Request))
#69 F:\AvanD\PRIBADI\PEKERJAAN\FREELANCE\Avan Consultant\Website\warehouse-inventory\vendor\laravel\framework\src\Illuminate\Foundation\Http\Middleware\TrimStrings.php(51): Illuminate\Foundation\Http\Middleware\TransformsRequest->handle(Object(Illuminate\Http\Request), Object(Closure))
#70 F:\AvanD\PRIBADI\PEKERJAAN\FREELANCE\Avan Consultant\Website\warehouse-inventory\vendor\laravel\framework\src\Illuminate\Pipeline\Pipeline.php(219): Illuminate\Foundation\Http\Middleware\TrimStrings->handle(Object(Illuminate\Http\Request), Object(Closure))
#71 F:\AvanD\PRIBADI\PEKERJAAN\FREELANCE\Avan Consultant\Website\warehouse-inventory\vendor\laravel\framework\src\Illuminate\Http\Middleware\ValidatePostSize.php(27): Illuminate\Pipeline\Pipeline->{closure:{closure:Illuminate\Pipeline\Pipeline::carry():194}:195}(Object(Illuminate\Http\Request))
#72 F:\AvanD\PRIBADI\PEKERJAAN\FREELANCE\Avan Consultant\Website\warehouse-inventory\vendor\laravel\framework\src\Illuminate\Pipeline\Pipeline.php(219): Illuminate\Http\Middleware\ValidatePostSize->handle(Object(Illuminate\Http\Request), Object(Closure))
#73 F:\AvanD\PRIBADI\PEKERJAAN\FREELANCE\Avan Consultant\Website\warehouse-inventory\vendor\laravel\framework\src\Illuminate\Foundation\Http\Middleware\PreventRequestsDuringMaintenance.php(109): Illuminate\Pipeline\Pipeline->{closure:{closure:Illuminate\Pipeline\Pipeline::carry():194}:195}(Object(Illuminate\Http\Request))
#74 F:\AvanD\PRIBADI\PEKERJAAN\FREELANCE\Avan Consultant\Website\warehouse-inventory\vendor\laravel\framework\src\Illuminate\Pipeline\Pipeline.php(219): Illuminate\Foundation\Http\Middleware\PreventRequestsDuringMaintenance->handle(Object(Illuminate\Http\Request), Object(Closure))
#75 F:\AvanD\PRIBADI\PEKERJAAN\FREELANCE\Avan Consultant\Website\warehouse-inventory\vendor\laravel\framework\src\Illuminate\Http\Middleware\HandleCors.php(48): Illuminate\Pipeline\Pipeline->{closure:{closure:Illuminate\Pipeline\Pipeline::carry():194}:195}(Object(Illuminate\Http\Request))
#76 F:\AvanD\PRIBADI\PEKERJAAN\FREELANCE\Avan Consultant\Website\warehouse-inventory\vendor\laravel\framework\src\Illuminate\Pipeline\Pipeline.php(219): Illuminate\Http\Middleware\HandleCors->handle(Object(Illuminate\Http\Request), Object(Closure))
#77 F:\AvanD\PRIBADI\PEKERJAAN\FREELANCE\Avan Consultant\Website\warehouse-inventory\vendor\laravel\framework\src\Illuminate\Http\Middleware\TrustProxies.php(58): Illuminate\Pipeline\Pipeline->{closure:{closure:Illuminate\Pipeline\Pipeline::carry():194}:195}(Object(Illuminate\Http\Request))
#78 F:\AvanD\PRIBADI\PEKERJAAN\FREELANCE\Avan Consultant\Website\warehouse-inventory\vendor\laravel\framework\src\Illuminate\Pipeline\Pipeline.php(219): Illuminate\Http\Middleware\TrustProxies->handle(Object(Illuminate\Http\Request), Object(Closure))
#79 F:\AvanD\PRIBADI\PEKERJAAN\FREELANCE\Avan Consultant\Website\warehouse-inventory\vendor\laravel\framework\src\Illuminate\Foundation\Http\Middleware\InvokeDeferredCallbacks.php(22): Illuminate\Pipeline\Pipeline->{closure:{closure:Illuminate\Pipeline\Pipeline::carry():194}:195}(Object(Illuminate\Http\Request))
#80 F:\AvanD\PRIBADI\PEKERJAAN\FREELANCE\Avan Consultant\Website\warehouse-inventory\vendor\laravel\framework\src\Illuminate\Pipeline\Pipeline.php(219): Illuminate\Foundation\Http\Middleware\InvokeDeferredCallbacks->handle(Object(Illuminate\Http\Request), Object(Closure))
#81 F:\AvanD\PRIBADI\PEKERJAAN\FREELANCE\Avan Consultant\Website\warehouse-inventory\vendor\laravel\framework\src\Illuminate\Http\Middleware\ValidatePathEncoding.php(26): Illuminate\Pipeline\Pipeline->{closure:{closure:Illuminate\Pipeline\Pipeline::carry():194}:195}(Object(Illuminate\Http\Request))
#82 F:\AvanD\PRIBADI\PEKERJAAN\FREELANCE\Avan Consultant\Website\warehouse-inventory\vendor\laravel\framework\src\Illuminate\Pipeline\Pipeline.php(219): Illuminate\Http\Middleware\ValidatePathEncoding->handle(Object(Illuminate\Http\Request), Object(Closure))
#83 F:\AvanD\PRIBADI\PEKERJAAN\FREELANCE\Avan Consultant\Website\warehouse-inventory\vendor\laravel\framework\src\Illuminate\Pipeline\Pipeline.php(137): Illuminate\Pipeline\Pipeline->{closure:{closure:Illuminate\Pipeline\Pipeline::carry():194}:195}(Object(Illuminate\Http\Request))
#84 F:\AvanD\PRIBADI\PEKERJAAN\FREELANCE\Avan Consultant\Website\warehouse-inventory\vendor\laravel\framework\src\Illuminate\Foundation\Http\Kernel.php(175): Illuminate\Pipeline\Pipeline->then(Object(Closure))
#85 F:\AvanD\PRIBADI\PEKERJAAN\FREELANCE\Avan Consultant\Website\warehouse-inventory\vendor\laravel\framework\src\Illuminate\Foundation\Http\Kernel.php(144): Illuminate\Foundation\Http\Kernel->sendRequestThroughRouter(Object(Illuminate\Http\Request))
#86 F:\AvanD\PRIBADI\PEKERJAAN\FREELANCE\Avan Consultant\Website\warehouse-inventory\vendor\laravel\framework\src\Illuminate\Foundation\Testing\Concerns\MakesHttpRequests.php(607): Illuminate\Foundation\Http\Kernel->handle(Object(Illuminate\Http\Request))
#87 F:\AvanD\PRIBADI\PEKERJAAN\FREELANCE\Avan Consultant\Website\warehouse-inventory\vendor\laravel\framework\src\Illuminate\Foundation\Testing\Concerns\MakesHttpRequests.php(368): Illuminate\Foundation\Testing\TestCase->call('GET', 'http://127.0.0....', Array, Array, Array, Array)
#88 F:\AvanD\PRIBADI\PEKERJAAN\FREELANCE\Avan Consultant\Website\warehouse-inventory\tests\Feature\UserLanguageTest.php(58): Illuminate\Foundation\Testing\TestCase->get('http://127.0.0....')
#89 F:\AvanD\PRIBADI\PEKERJAAN\FREELANCE\Avan Consultant\Website\warehouse-inventory\vendor\phpunit\phpunit\src\Framework\TestCase.php(1657): Tests\Feature\UserLanguageTest->test_middleware_uses_authenticated_user_locale()
#90 F:\AvanD\PRIBADI\PEKERJAAN\FREELANCE\Avan Consultant\Website\warehouse-inventory\vendor\phpunit\phpunit\src\Framework\TestCase.php(515): PHPUnit\Framework\TestCase->runTest()
#91 F:\AvanD\PRIBADI\PEKERJAAN\FREELANCE\Avan Consultant\Website\warehouse-inventory\vendor\phpunit\phpunit\src\Framework\TestRunner\TestRunner.php(87): PHPUnit\Framework\TestCase->runBare()
#92 F:\AvanD\PRIBADI\PEKERJAAN\FREELANCE\Avan Consultant\Website\warehouse-inventory\vendor\phpunit\phpunit\src\Framework\TestCase.php(361): PHPUnit\Framework\TestRunner->run(Object(Tests\Feature\UserLanguageTest))
#93 F:\AvanD\PRIBADI\PEKERJAAN\FREELANCE\Avan Consultant\Website\warehouse-inventory\vendor\phpunit\phpunit\src\Framework\TestSuite.php(369): PHPUnit\Framework\TestCase->run()
#94 F:\AvanD\PRIBADI\PEKERJAAN\FREELANCE\Avan Consultant\Website\warehouse-inventory\vendor\phpunit\phpunit\src\TextUI\TestRunner.php(64): PHPUnit\Framework\TestSuite->run()
#95 F:\AvanD\PRIBADI\PEKERJAAN\FREELANCE\Avan Consultant\Website\warehouse-inventory\vendor\phpunit\phpunit\src\TextUI\Application.php(211): PHPUnit\TextUI\TestRunner->run(Object(PHPUnit\TextUI\Configuration\Configuration), Object(PHPUnit\Runner\ResultCache\DefaultResultCache), Object(PHPUnit\Framework\TestSuite))
#96 F:\AvanD\PRIBADI\PEKERJAAN\FREELANCE\Avan Consultant\Website\warehouse-inventory\vendor\phpunit\phpunit\phpunit(104): PHPUnit\TextUI\Application->run(Array)
#97 {main}

Next Illuminate\View\ViewException: Route [locale.switch] not defined. (View: F:\AvanD\PRIBADI\PEKERJAAN\FREELANCE\Avan Consultant\Website\warehouse-inventory\resources\views\layouts\header.blade.php) in F:\AvanD\PRIBADI\PEKERJAAN\FREELANCE\Avan Consultant\Website\warehouse-inventory\vendor\laravel\framework\src\Illuminate\Routing\UrlGenerator.php:526
Stack trace:
#0 F:\AvanD\PRIBADI\PEKERJAAN\FREELANCE\Avan Consultant\Website\warehouse-inventory\vendor\laravel\framework\src\Illuminate\View\Engines\PhpEngine.php(59): Illuminate\View\Engines\CompilerEngine->handleViewException(Object(Symfony\Component\Routing\Exception\RouteNotFoundException), 3)
#1 F:\AvanD\PRIBADI\PEKERJAAN\FREELANCE\Avan Consultant\Website\warehouse-inventory\vendor\laravel\framework\src\Illuminate\View\Engines\CompilerEngine.php(76): Illuminate\View\Engines\PhpEngine->evaluatePath('F:\\AvanD\\PRIBAD...', Array)
#2 F:\AvanD\PRIBADI\PEKERJAAN\FREELANCE\Avan Consultant\Website\warehouse-inventory\vendor\laravel\framework\src\Illuminate\View\View.php(208): Illuminate\View\Engines\CompilerEngine->get('F:\\AvanD\\PRIBAD...', Array)
#3 F:\AvanD\PRIBADI\PEKERJAAN\FREELANCE\Avan Consultant\Website\warehouse-inventory\vendor\laravel\framework\src\Illuminate\View\View.php(191): Illuminate\View\View->getContents()
#4 F:\AvanD\PRIBADI\PEKERJAAN\FREELANCE\Avan Consultant\Website\warehouse-inventory\vendor\laravel\framework\src\Illuminate\View\View.php(160): Illuminate\View\View->renderContents()
#5 F:\AvanD\PRIBADI\PEKERJAAN\FREELANCE\Avan Consultant\Website\warehouse-inventory\storage\framework\views\bb63d4ce8c62a724d06962daadadba9e.php(58): Illuminate\View\View->render()
#6 F:\AvanD\PRIBADI\PEKERJAAN\FREELANCE\Avan Consultant\Website\warehouse-inventory\vendor\laravel\framework\src\Illuminate\Filesystem\Filesystem.php(123): require('F:\\AvanD\\PRIBAD...')
#7 F:\AvanD\PRIBADI\PEKERJAAN\FREELANCE\Avan Consultant\Website\warehouse-inventory\vendor\laravel\framework\src\Illuminate\Filesystem\Filesystem.php(124): Illuminate\Filesystem\Filesystem::{closure:Illuminate\Filesystem\Filesystem::getRequire():120}()
#8 F:\AvanD\PRIBADI\PEKERJAAN\FREELANCE\Avan Consultant\Website\warehouse-inventory\vendor\laravel\framework\src\Illuminate\View\Engines\PhpEngine.php(57): Illuminate\Filesystem\Filesystem->getRequire('F:\\AvanD\\PRIBAD...', Array)
#9 F:\AvanD\PRIBADI\PEKERJAAN\FREELANCE\Avan Consultant\Website\warehouse-inventory\vendor\laravel\framework\src\Illuminate\View\Engines\CompilerEngine.php(76): Illuminate\View\Engines\PhpEngine->evaluatePath('F:\\AvanD\\PRIBAD...', Array)
#10 F:\AvanD\PRIBADI\PEKERJAAN\FREELANCE\Avan Consultant\Website\warehouse-inventory\vendor\laravel\framework\src\Illuminate\View\View.php(208): Illuminate\View\Engines\CompilerEngine->get('F:\\AvanD\\PRIBAD...', Array)
#11 F:\AvanD\PRIBADI\PEKERJAAN\FREELANCE\Avan Consultant\Website\warehouse-inventory\vendor\laravel\framework\src\Illuminate\View\View.php(191): Illuminate\View\View->getContents()
#12 F:\AvanD\PRIBADI\PEKERJAAN\FREELANCE\Avan Consultant\Website\warehouse-inventory\vendor\laravel\framework\src\Illuminate\View\View.php(160): Illuminate\View\View->renderContents()
#13 F:\AvanD\PRIBADI\PEKERJAAN\FREELANCE\Avan Consultant\Website\warehouse-inventory\storage\framework\views\9f5fe071161f9ede4f65f90f9bf55f87.php(510): Illuminate\View\View->render()
#14 F:\AvanD\PRIBADI\PEKERJAAN\FREELANCE\Avan Consultant\Website\warehouse-inventory\vendor\laravel\framework\src\Illuminate\Filesystem\Filesystem.php(123): require('F:\\AvanD\\PRIBAD...')
#15 F:\AvanD\PRIBADI\PEKERJAAN\FREELANCE\Avan Consultant\Website\warehouse-inventory\vendor\laravel\framework\src\Illuminate\Filesystem\Filesystem.php(124): Illuminate\Filesystem\Filesystem::{closure:Illuminate\Filesystem\Filesystem::getRequire():120}()
#16 F:\AvanD\PRIBADI\PEKERJAAN\FREELANCE\Avan Consultant\Website\warehouse-inventory\vendor\laravel\framework\src\Illuminate\View\Engines\PhpEngine.php(57): Illuminate\Filesystem\Filesystem->getRequire('F:\\AvanD\\PRIBAD...', Array)
#17 F:\AvanD\PRIBADI\PEKERJAAN\FREELANCE\Avan Consultant\Website\warehouse-inventory\vendor\laravel\framework\src\Illuminate\View\Engines\CompilerEngine.php(76): Illuminate\View\Engines\PhpEngine->evaluatePath('F:\\AvanD\\PRIBAD...', Array)
#18 F:\AvanD\PRIBADI\PEKERJAAN\FREELANCE\Avan Consultant\Website\warehouse-inventory\vendor\laravel\framework\src\Illuminate\View\View.php(208): Illuminate\View\Engines\CompilerEngine->get('F:\\AvanD\\PRIBAD...', Array)
#19 F:\AvanD\PRIBADI\PEKERJAAN\FREELANCE\Avan Consultant\Website\warehouse-inventory\vendor\laravel\framework\src\Illuminate\View\View.php(191): Illuminate\View\View->getContents()
#20 F:\AvanD\PRIBADI\PEKERJAAN\FREELANCE\Avan Consultant\Website\warehouse-inventory\vendor\laravel\framework\src\Illuminate\View\View.php(160): Illuminate\View\View->renderContents()
#21 F:\AvanD\PRIBADI\PEKERJAAN\FREELANCE\Avan Consultant\Website\warehouse-inventory\vendor\laravel\framework\src\Illuminate\Http\Response.php(78): Illuminate\View\View->render()
#22 F:\AvanD\PRIBADI\PEKERJAAN\FREELANCE\Avan Consultant\Website\warehouse-inventory\vendor\laravel\framework\src\Illuminate\Http\Response.php(34): Illuminate\Http\Response->setContent(Object(Illuminate\View\View))
#23 F:\AvanD\PRIBADI\PEKERJAAN\FREELANCE\Avan Consultant\Website\warehouse-inventory\vendor\laravel\framework\src\Illuminate\Routing\Router.php(939): Illuminate\Http\Response->__construct(Object(Illuminate\View\View), 200, Array)
#24 F:\AvanD\PRIBADI\PEKERJAAN\FREELANCE\Avan Consultant\Website\warehouse-inventory\vendor\laravel\framework\src\Illuminate\Routing\Router.php(906): Illuminate\Routing\Router::toResponse(Object(Illuminate\Http\Request), Object(Illuminate\View\View))
#25 F:\AvanD\PRIBADI\PEKERJAAN\FREELANCE\Avan Consultant\Website\warehouse-inventory\vendor\laravel\framework\src\Illuminate\Routing\Router.php(821): Illuminate\Routing\Router->prepareResponse(Object(Illuminate\Http\Request), Object(Illuminate\View\View))
#26 F:\AvanD\PRIBADI\PEKERJAAN\FREELANCE\Avan Consultant\Website\warehouse-inventory\vendor\laravel\framework\src\Illuminate\Pipeline\Pipeline.php(180): Illuminate\Routing\Router->{closure:Illuminate\Routing\Router::runRouteWithinStack():821}(Object(Illuminate\Http\Request))
#27 F:\AvanD\PRIBADI\PEKERJAAN\FREELANCE\Avan Consultant\Website\warehouse-inventory\vendor\laravel\framework\src\Illuminate\Auth\Middleware\EnsureEmailIsVerified.php(41): Illuminate\Pipeline\Pipeline->{closure:Illuminate\Pipeline\Pipeline::prepareDestination():178}(Object(Illuminate\Http\Request))
#28 F:\AvanD\PRIBADI\PEKERJAAN\FREELANCE\Avan Consultant\Website\warehouse-inventory\vendor\laravel\framework\src\Illuminate\Pipeline\Pipeline.php(219): Illuminate\Auth\Middleware\EnsureEmailIsVerified->handle(Object(Illuminate\Http\Request), Object(Closure))
#29 F:\AvanD\PRIBADI\PEKERJAAN\FREELANCE\Avan Consultant\Website\warehouse-inventory\app\Http\Middleware\CheckSubscriptionActive.php(38): Illuminate\Pipeline\Pipeline->{closure:{closure:Illuminate\Pipeline\Pipeline::carry():194}:195}(Object(Illuminate\Http\Request))
#30 F:\AvanD\PRIBADI\PEKERJAAN\FREELANCE\Avan Consultant\Website\warehouse-inventory\vendor\laravel\framework\src\Illuminate\Pipeline\Pipeline.php(219): App\Http\Middleware\CheckSubscriptionActive->handle(Object(Illuminate\Http\Request), Object(Closure))
#31 F:\AvanD\PRIBADI\PEKERJAAN\FREELANCE\Avan Consultant\Website\warehouse-inventory\app\Http\Middleware\LogUserActivity.php(25): Illuminate\Pipeline\Pipeline->{closure:{closure:Illuminate\Pipeline\Pipeline::carry():194}:195}(Object(Illuminate\Http\Request))
#32 F:\AvanD\PRIBADI\PEKERJAAN\FREELANCE\Avan Consultant\Website\warehouse-inventory\vendor\laravel\framework\src\Illuminate\Pipeline\Pipeline.php(219): App\Http\Middleware\LogUserActivity->handle(Object(Illuminate\Http\Request), Object(Closure))
#33 F:\AvanD\PRIBADI\PEKERJAAN\FREELANCE\Avan Consultant\Website\warehouse-inventory\app\Http\Middleware\BlockSuspiciousRequests.php(78): Illuminate\Pipeline\Pipeline->{closure:{closure:Illuminate\Pipeline\Pipeline::carry():194}:195}(Object(Illuminate\Http\Request))
#34 F:\AvanD\PRIBADI\PEKERJAAN\FREELANCE\Avan Consultant\Website\warehouse-inventory\vendor\laravel\framework\src\Illuminate\Pipeline\Pipeline.php(219): App\Http\Middleware\BlockSuspiciousRequests->handle(Object(Illuminate\Http\Request), Object(Closure))
#35 F:\AvanD\PRIBADI\PEKERJAAN\FREELANCE\Avan Consultant\Website\warehouse-inventory\app\Http\Middleware\SecurityHeaders.php(18): Illuminate\Pipeline\Pipeline->{closure:{closure:Illuminate\Pipeline\Pipeline::carry():194}:195}(Object(Illuminate\Http\Request))
#36 F:\AvanD\PRIBADI\PEKERJAAN\FREELANCE\Avan Consultant\Website\warehouse-inventory\vendor\laravel\framework\src\Illuminate\Pipeline\Pipeline.php(219): App\Http\Middleware\SecurityHeaders->handle(Object(Illuminate\Http\Request), Object(Closure))
#37 F:\AvanD\PRIBADI\PEKERJAAN\FREELANCE\Avan Consultant\Website\warehouse-inventory\app\Http\Middleware\SetLocaleMiddleware.php(42): Illuminate\Pipeline\Pipeline->{closure:{closure:Illuminate\Pipeline\Pipeline::carry():194}:195}(Object(Illuminate\Http\Request))
#38 F:\AvanD\PRIBADI\PEKERJAAN\FREELANCE\Avan Consultant\Website\warehouse-inventory\vendor\laravel\framework\src\Illuminate\Pipeline\Pipeline.php(219): App\Http\Middleware\SetLocaleMiddleware->handle(Object(Illuminate\Http\Request), Object(Closure))
#39 F:\AvanD\PRIBADI\PEKERJAAN\FREELANCE\Avan Consultant\Website\warehouse-inventory\vendor\laravel\framework\src\Illuminate\Routing\Middleware\SubstituteBindings.php(50): Illuminate\Pipeline\Pipeline->{closure:{closure:Illuminate\Pipeline\Pipeline::carry():194}:195}(Object(Illuminate\Http\Request))
#40 F:\AvanD\PRIBADI\PEKERJAAN\FREELANCE\Avan Consultant\Website\warehouse-inventory\vendor\laravel\framework\src\Illuminate\Pipeline\Pipeline.php(219): Illuminate\Routing\Middleware\SubstituteBindings->handle(Object(Illuminate\Http\Request), Object(Closure))
#41 F:\AvanD\PRIBADI\PEKERJAAN\FREELANCE\Avan Consultant\Website\warehouse-inventory\vendor\laravel\framework\src\Illuminate\Auth\Middleware\Authenticate.php(63): Illuminate\Pipeline\Pipeline->{closure:{closure:Illuminate\Pipeline\Pipeline::carry():194}:195}(Object(Illuminate\Http\Request))
#42 F:\AvanD\PRIBADI\PEKERJAAN\FREELANCE\Avan Consultant\Website\warehouse-inventory\vendor\laravel\framework\src\Illuminate\Pipeline\Pipeline.php(219): Illuminate\Auth\Middleware\Authenticate->handle(Object(Illuminate\Http\Request), Object(Closure))
#43 F:\AvanD\PRIBADI\PEKERJAAN\FREELANCE\Avan Consultant\Website\warehouse-inventory\vendor\laravel\framework\src\Illuminate\Foundation\Http\Middleware\VerifyCsrfToken.php(87): Illuminate\Pipeline\Pipeline->{closure:{closure:Illuminate\Pipeline\Pipeline::carry():194}:195}(Object(Illuminate\Http\Request))
#44 F:\AvanD\PRIBADI\PEKERJAAN\FREELANCE\Avan Consultant\Website\warehouse-inventory\vendor\laravel\framework\src\Illuminate\Pipeline\Pipeline.php(219): Illuminate\Foundation\Http\Middleware\VerifyCsrfToken->handle(Object(Illuminate\Http\Request), Object(Closure))
#45 F:\AvanD\PRIBADI\PEKERJAAN\FREELANCE\Avan Consultant\Website\warehouse-inventory\vendor\laravel\framework\src\Illuminate\View\Middleware\ShareErrorsFromSession.php(48): Illuminate\Pipeline\Pipeline->{closure:{closure:Illuminate\Pipeline\Pipeline::carry():194}:195}(Object(Illuminate\Http\Request))
#46 F:\AvanD\PRIBADI\PEKERJAAN\FREELANCE\Avan Consultant\Website\warehouse-inventory\vendor\laravel\framework\src\Illuminate\Pipeline\Pipeline.php(219): Illuminate\View\Middleware\ShareErrorsFromSession->handle(Object(Illuminate\Http\Request), Object(Closure))
#47 F:\AvanD\PRIBADI\PEKERJAAN\FREELANCE\Avan Consultant\Website\warehouse-inventory\vendor\laravel\framework\src\Illuminate\Session\Middleware\StartSession.php(120): Illuminate\Pipeline\Pipeline->{closure:{closure:Illuminate\Pipeline\Pipeline::carry():194}:195}(Object(Illuminate\Http\Request))
#48 F:\AvanD\PRIBADI\PEKERJAAN\FREELANCE\Avan Consultant\Website\warehouse-inventory\vendor\laravel\framework\src\Illuminate\Session\Middleware\StartSession.php(63): Illuminate\Session\Middleware\StartSession->handleStatefulRequest(Object(Illuminate\Http\Request), Object(Illuminate\Session\Store), Object(Closure))
#49 F:\AvanD\PRIBADI\PEKERJAAN\FREELANCE\Avan Consultant\Website\warehouse-inventory\vendor\laravel\framework\src\Illuminate\Pipeline\Pipeline.php(219): Illuminate\Session\Middleware\StartSession->handle(Object(Illuminate\Http\Request), Object(Closure))
#50 F:\AvanD\PRIBADI\PEKERJAAN\FREELANCE\Avan Consultant\Website\warehouse-inventory\vendor\laravel\framework\src\Illuminate\Cookie\Middleware\AddQueuedCookiesToResponse.php(36): Illuminate\Pipeline\Pipeline->{closure:{closure:Illuminate\Pipeline\Pipeline::carry():194}:195}(Object(Illuminate\Http\Request))
#51 F:\AvanD\PRIBADI\PEKERJAAN\FREELANCE\Avan Consultant\Website\warehouse-inventory\vendor\laravel\framework\src\Illuminate\Pipeline\Pipeline.php(219): Illuminate\Cookie\Middleware\AddQueuedCookiesToResponse->handle(Object(Illuminate\Http\Request), Object(Closure))
#52 F:\AvanD\PRIBADI\PEKERJAAN\FREELANCE\Avan Consultant\Website\warehouse-inventory\vendor\laravel\framework\src\Illuminate\Cookie\Middleware\EncryptCookies.php(74): Illuminate\Pipeline\Pipeline->{closure:{closure:Illuminate\Pipeline\Pipeline::carry():194}:195}(Object(Illuminate\Http\Request))
#53 F:\AvanD\PRIBADI\PEKERJAAN\FREELANCE\Avan Consultant\Website\warehouse-inventory\vendor\laravel\framework\src\Illuminate\Pipeline\Pipeline.php(219): Illuminate\Cookie\Middleware\EncryptCookies->handle(Object(Illuminate\Http\Request), Object(Closure))
#54 F:\AvanD\PRIBADI\PEKERJAAN\FREELANCE\Avan Consultant\Website\warehouse-inventory\vendor\laravel\framework\src\Illuminate\Pipeline\Pipeline.php(137): Illuminate\Pipeline\Pipeline->{closure:{closure:Illuminate\Pipeline\Pipeline::carry():194}:195}(Object(Illuminate\Http\Request))
#55 F:\AvanD\PRIBADI\PEKERJAAN\FREELANCE\Avan Consultant\Website\warehouse-inventory\vendor\laravel\framework\src\Illuminate\Routing\Router.php(821): Illuminate\Pipeline\Pipeline->then(Object(Closure))
#56 F:\AvanD\PRIBADI\PEKERJAAN\FREELANCE\Avan Consultant\Website\warehouse-inventory\vendor\laravel\framework\src\Illuminate\Routing\Router.php(800): Illuminate\Routing\Router->runRouteWithinStack(Object(Illuminate\Routing\Route), Object(Illuminate\Http\Request))
#57 F:\AvanD\PRIBADI\PEKERJAAN\FREELANCE\Avan Consultant\Website\warehouse-inventory\vendor\laravel\framework\src\Illuminate\Routing\Router.php(764): Illuminate\Routing\Router->runRoute(Object(Illuminate\Http\Request), Object(Illuminate\Routing\Route))
#58 F:\AvanD\PRIBADI\PEKERJAAN\FREELANCE\Avan Consultant\Website\warehouse-inventory\vendor\laravel\framework\src\Illuminate\Routing\Router.php(753): Illuminate\Routing\Router->dispatchToRoute(Object(Illuminate\Http\Request))
#59 F:\AvanD\PRIBADI\PEKERJAAN\FREELANCE\Avan Consultant\Website\warehouse-inventory\vendor\laravel\framework\src\Illuminate\Foundation\Http\Kernel.php(200): Illuminate\Routing\Router->dispatch(Object(Illuminate\Http\Request))
#60 F:\AvanD\PRIBADI\PEKERJAAN\FREELANCE\Avan Consultant\Website\warehouse-inventory\vendor\laravel\framework\src\Illuminate\Pipeline\Pipeline.php(180): Illuminate\Foundation\Http\Kernel->{closure:Illuminate\Foundation\Http\Kernel::dispatchToRouter():197}(Object(Illuminate\Http\Request))
#61 F:\AvanD\PRIBADI\PEKERJAAN\FREELANCE\Avan Consultant\Website\warehouse-inventory\vendor\laravel\framework\src\Illuminate\Foundation\Http\Middleware\TransformsRequest.php(21): Illuminate\Pipeline\Pipeline->{closure:Illuminate\Pipeline\Pipeline::prepareDestination():178}(Object(Illuminate\Http\Request))
#62 F:\AvanD\PRIBADI\PEKERJAAN\FREELANCE\Avan Consultant\Website\warehouse-inventory\vendor\laravel\framework\src\Illuminate\Foundation\Http\Middleware\ConvertEmptyStringsToNull.php(31): Illuminate\Foundation\Http\Middleware\TransformsRequest->handle(Object(Illuminate\Http\Request), Object(Closure))
#63 F:\AvanD\PRIBADI\PEKERJAAN\FREELANCE\Avan Consultant\Website\warehouse-inventory\vendor\laravel\framework\src\Illuminate\Pipeline\Pipeline.php(219): Illuminate\Foundation\Http\Middleware\ConvertEmptyStringsToNull->handle(Object(Illuminate\Http\Request), Object(Closure))
#64 F:\AvanD\PRIBADI\PEKERJAAN\FREELANCE\Avan Consultant\Website\warehouse-inventory\vendor\laravel\framework\src\Illuminate\Foundation\Http\Middleware\TransformsRequest.php(21): Illuminate\Pipeline\Pipeline->{closure:{closure:Illuminate\Pipeline\Pipeline::carry():194}:195}(Object(Illuminate\Http\Request))
#65 F:\AvanD\PRIBADI\PEKERJAAN\FREELANCE\Avan Consultant\Website\warehouse-inventory\vendor\laravel\framework\src\Illuminate\Foundation\Http\Middleware\TrimStrings.php(51): Illuminate\Foundation\Http\Middleware\TransformsRequest->handle(Object(Illuminate\Http\Request), Object(Closure))
#66 F:\AvanD\PRIBADI\PEKERJAAN\FREELANCE\Avan Consultant\Website\warehouse-inventory\vendor\laravel\framework\src\Illuminate\Pipeline\Pipeline.php(219): Illuminate\Foundation\Http\Middleware\TrimStrings->handle(Object(Illuminate\Http\Request), Object(Closure))
#67 F:\AvanD\PRIBADI\PEKERJAAN\FREELANCE\Avan Consultant\Website\warehouse-inventory\vendor\laravel\framework\src\Illuminate\Http\Middleware\ValidatePostSize.php(27): Illuminate\Pipeline\Pipeline->{closure:{closure:Illuminate\Pipeline\Pipeline::carry():194}:195}(Object(Illuminate\Http\Request))
#68 F:\AvanD\PRIBADI\PEKERJAAN\FREELANCE\Avan Consultant\Website\warehouse-inventory\vendor\laravel\framework\src\Illuminate\Pipeline\Pipeline.php(219): Illuminate\Http\Middleware\ValidatePostSize->handle(Object(Illuminate\Http\Request), Object(Closure))
#69 F:\AvanD\PRIBADI\PEKERJAAN\FREELANCE\Avan Consultant\Website\warehouse-inventory\vendor\laravel\framework\src\Illuminate\Foundation\Http\Middleware\PreventRequestsDuringMaintenance.php(109): Illuminate\Pipeline\Pipeline->{closure:{closure:Illuminate\Pipeline\Pipeline::carry():194}:195}(Object(Illuminate\Http\Request))
#70 F:\AvanD\PRIBADI\PEKERJAAN\FREELANCE\Avan Consultant\Website\warehouse-inventory\vendor\laravel\framework\src\Illuminate\Pipeline\Pipeline.php(219): Illuminate\Foundation\Http\Middleware\PreventRequestsDuringMaintenance->handle(Object(Illuminate\Http\Request), Object(Closure))
#71 F:\AvanD\PRIBADI\PEKERJAAN\FREELANCE\Avan Consultant\Website\warehouse-inventory\vendor\laravel\framework\src\Illuminate\Http\Middleware\HandleCors.php(48): Illuminate\Pipeline\Pipeline->{closure:{closure:Illuminate\Pipeline\Pipeline::carry():194}:195}(Object(Illuminate\Http\Request))
#72 F:\AvanD\PRIBADI\PEKERJAAN\FREELANCE\Avan Consultant\Website\warehouse-inventory\vendor\laravel\framework\src\Illuminate\Pipeline\Pipeline.php(219): Illuminate\Http\Middleware\HandleCors->handle(Object(Illuminate\Http\Request), Object(Closure))
#73 F:\AvanD\PRIBADI\PEKERJAAN\FREELANCE\Avan Consultant\Website\warehouse-inventory\vendor\laravel\framework\src\Illuminate\Http\Middleware\TrustProxies.php(58): Illuminate\Pipeline\Pipeline->{closure:{closure:Illuminate\Pipeline\Pipeline::carry():194}:195}(Object(Illuminate\Http\Request))
#74 F:\AvanD\PRIBADI\PEKERJAAN\FREELANCE\Avan Consultant\Website\warehouse-inventory\vendor\laravel\framework\src\Illuminate\Pipeline\Pipeline.php(219): Illuminate\Http\Middleware\TrustProxies->handle(Object(Illuminate\Http\Request), Object(Closure))
#75 F:\AvanD\PRIBADI\PEKERJAAN\FREELANCE\Avan Consultant\Website\warehouse-inventory\vendor\laravel\framework\src\Illuminate\Foundation\Http\Middleware\InvokeDeferredCallbacks.php(22): Illuminate\Pipeline\Pipeline->{closure:{closure:Illuminate\Pipeline\Pipeline::carry():194}:195}(Object(Illuminate\Http\Request))
#76 F:\AvanD\PRIBADI\PEKERJAAN\FREELANCE\Avan Consultant\Website\warehouse-inventory\vendor\laravel\framework\src\Illuminate\Pipeline\Pipeline.php(219): Illuminate\Foundation\Http\Middleware\InvokeDeferredCallbacks->handle(Object(Illuminate\Http\Request), Object(Closure))
#77 F:\AvanD\PRIBADI\PEKERJAAN\FREELANCE\Avan Consultant\Website\warehouse-inventory\vendor\laravel\framework\src\Illuminate\Http\Middleware\ValidatePathEncoding.php(26): Illuminate\Pipeline\Pipeline->{closure:{closure:Illuminate\Pipeline\Pipeline::carry():194}:195}(Object(Illuminate\Http\Request))
#78 F:\AvanD\PRIBADI\PEKERJAAN\FREELANCE\Avan Consultant\Website\warehouse-inventory\vendor\laravel\framework\src\Illuminate\Pipeline\Pipeline.php(219): Illuminate\Http\Middleware\ValidatePathEncoding->handle(Object(Illuminate\Http\Request), Object(Closure))
#79 F:\AvanD\PRIBADI\PEKERJAAN\FREELANCE\Avan Consultant\Website\warehouse-inventory\vendor\laravel\framework\src\Illuminate\Pipeline\Pipeline.php(137): Illuminate\Pipeline\Pipeline->{closure:{closure:Illuminate\Pipeline\Pipeline::carry():194}:195}(Object(Illuminate\Http\Request))
#80 F:\AvanD\PRIBADI\PEKERJAAN\FREELANCE\Avan Consultant\Website\warehouse-inventory\vendor\laravel\framework\src\Illuminate\Foundation\Http\Kernel.php(175): Illuminate\Pipeline\Pipeline->then(Object(Closure))
#81 F:\AvanD\PRIBADI\PEKERJAAN\FREELANCE\Avan Consultant\Website\warehouse-inventory\vendor\laravel\framework\src\Illuminate\Foundation\Http\Kernel.php(144): Illuminate\Foundation\Http\Kernel->sendRequestThroughRouter(Object(Illuminate\Http\Request))
#82 F:\AvanD\PRIBADI\PEKERJAAN\FREELANCE\Avan Consultant\Website\warehouse-inventory\vendor\laravel\framework\src\Illuminate\Foundation\Testing\Concerns\MakesHttpRequests.php(607): Illuminate\Foundation\Http\Kernel->handle(Object(Illuminate\Http\Request))
#83 F:\AvanD\PRIBADI\PEKERJAAN\FREELANCE\Avan Consultant\Website\warehouse-inventory\vendor\laravel\framework\src\Illuminate\Foundation\Testing\Concerns\MakesHttpRequests.php(368): Illuminate\Foundation\Testing\TestCase->call('GET', 'http://127.0.0....', Array, Array, Array, Array)
#84 F:\AvanD\PRIBADI\PEKERJAAN\FREELANCE\Avan Consultant\Website\warehouse-inventory\tests\Feature\UserLanguageTest.php(58): Illuminate\Foundation\Testing\TestCase->get('http://127.0.0....')
#85 F:\AvanD\PRIBADI\PEKERJAAN\FREELANCE\Avan Consultant\Website\warehouse-inventory\vendor\phpunit\phpunit\src\Framework\TestCase.php(1657): Tests\Feature\UserLanguageTest->test_middleware_uses_authenticated_user_locale()
#86 F:\AvanD\PRIBADI\PEKERJAAN\FREELANCE\Avan Consultant\Website\warehouse-inventory\vendor\phpunit\phpunit\src\Framework\TestCase.php(515): PHPUnit\Framework\TestCase->runTest()
#87 F:\AvanD\PRIBADI\PEKERJAAN\FREELANCE\Avan Consultant\Website\warehouse-inventory\vendor\phpunit\phpunit\src\Framework\TestRunner\TestRunner.php(87): PHPUnit\Framework\TestCase->runBare()
#88 F:\AvanD\PRIBADI\PEKERJAAN\FREELANCE\Avan Consultant\Website\warehouse-inventory\vendor\phpunit\phpunit\src\Framework\TestCase.php(361): PHPUnit\Framework\TestRunner->run(Object(Tests\Feature\UserLanguageTest))
#89 F:\AvanD\PRIBADI\PEKERJAAN\FREELANCE\Avan Consultant\Website\warehouse-inventory\vendor\phpunit\phpunit\src\Framework\TestSuite.php(369): PHPUnit\Framework\TestCase->run()
#90 F:\AvanD\PRIBADI\PEKERJAAN\FREELANCE\Avan Consultant\Website\warehouse-inventory\vendor\phpunit\phpunit\src\TextUI\TestRunner.php(64): PHPUnit\Framework\TestSuite->run()
#91 F:\AvanD\PRIBADI\PEKERJAAN\FREELANCE\Avan Consultant\Website\warehouse-inventory\vendor\phpunit\phpunit\src\TextUI\Application.php(211): PHPUnit\TextUI\TestRunner->run(Object(PHPUnit\TextUI\Configuration\Configuration), Object(PHPUnit\Runner\ResultCache\DefaultResultCache), Object(PHPUnit\Framework\TestSuite))
#92 F:\AvanD\PRIBADI\PEKERJAAN\FREELANCE\Avan Consultant\Website\warehouse-inventory\vendor\phpunit\phpunit\phpunit(104): PHPUnit\TextUI\Application->run(Array)
#93 {main}

Next Illuminate\View\ViewException: Route [locale.switch] not defined. (View: F:\AvanD\PRIBADI\PEKERJAAN\FREELANCE\Avan Consultant\Website\warehouse-inventory\resources\views\layouts\header.blade.php) (View: F:\AvanD\PRIBADI\PEKERJAAN\FREELANCE\Avan Consultant\Website\warehouse-inventory\resources\views\layouts\header.blade.php) in F:\AvanD\PRIBADI\PEKERJAAN\FREELANCE\Avan Consultant\Website\warehouse-inventory\vendor\laravel\framework\src\Illuminate\Routing\UrlGenerator.php:526
Stack trace:
#0 F:\AvanD\PRIBADI\PEKERJAAN\FREELANCE\Avan Consultant\Website\warehouse-inventory\vendor\laravel\framework\src\Illuminate\View\Engines\PhpEngine.php(59): Illuminate\View\Engines\CompilerEngine->handleViewException(Object(Illuminate\View\ViewException), 2)
#1 F:\AvanD\PRIBADI\PEKERJAAN\FREELANCE\Avan Consultant\Website\warehouse-inventory\vendor\laravel\framework\src\Illuminate\View\Engines\CompilerEngine.php(76): Illuminate\View\Engines\PhpEngine->evaluatePath('F:\\AvanD\\PRIBAD...', Array)
#2 F:\AvanD\PRIBADI\PEKERJAAN\FREELANCE\Avan Consultant\Website\warehouse-inventory\vendor\laravel\framework\src\Illuminate\View\View.php(208): Illuminate\View\Engines\CompilerEngine->get('F:\\AvanD\\PRIBAD...', Array)
#3 F:\AvanD\PRIBADI\PEKERJAAN\FREELANCE\Avan Consultant\Website\warehouse-inventory\vendor\laravel\framework\src\Illuminate\View\View.php(191): Illuminate\View\View->getContents()
#4 F:\AvanD\PRIBADI\PEKERJAAN\FREELANCE\Avan Consultant\Website\warehouse-inventory\vendor\laravel\framework\src\Illuminate\View\View.php(160): Illuminate\View\View->renderContents()
#5 F:\AvanD\PRIBADI\PEKERJAAN\FREELANCE\Avan Consultant\Website\warehouse-inventory\storage\framework\views\9f5fe071161f9ede4f65f90f9bf55f87.php(510): Illuminate\View\View->render()
#6 F:\AvanD\PRIBADI\PEKERJAAN\FREELANCE\Avan Consultant\Website\warehouse-inventory\vendor\laravel\framework\src\Illuminate\Filesystem\Filesystem.php(123): require('F:\\AvanD\\PRIBAD...')
#7 F:\AvanD\PRIBADI\PEKERJAAN\FREELANCE\Avan Consultant\Website\warehouse-inventory\vendor\laravel\framework\src\Illuminate\Filesystem\Filesystem.php(124): Illuminate\Filesystem\Filesystem::{closure:Illuminate\Filesystem\Filesystem::getRequire():120}()
#8 F:\AvanD\PRIBADI\PEKERJAAN\FREELANCE\Avan Consultant\Website\warehouse-inventory\vendor\laravel\framework\src\Illuminate\View\Engines\PhpEngine.php(57): Illuminate\Filesystem\Filesystem->getRequire('F:\\AvanD\\PRIBAD...', Array)
#9 F:\AvanD\PRIBADI\PEKERJAAN\FREELANCE\Avan Consultant\Website\warehouse-inventory\vendor\laravel\framework\src\Illuminate\View\Engines\CompilerEngine.php(76): Illuminate\View\Engines\PhpEngine->evaluatePath('F:\\AvanD\\PRIBAD...', Array)
#10 F:\AvanD\PRIBADI\PEKERJAAN\FREELANCE\Avan Consultant\Website\warehouse-inventory\vendor\laravel\framework\src\Illuminate\View\View.php(208): Illuminate\View\Engines\CompilerEngine->get('F:\\AvanD\\PRIBAD...', Array)
#11 F:\AvanD\PRIBADI\PEKERJAAN\FREELANCE\Avan Consultant\Website\warehouse-inventory\vendor\laravel\framework\src\Illuminate\View\View.php(191): Illuminate\View\View->getContents()
#12 F:\AvanD\PRIBADI\PEKERJAAN\FREELANCE\Avan Consultant\Website\warehouse-inventory\vendor\laravel\framework\src\Illuminate\View\View.php(160): Illuminate\View\View->renderContents()
#13 F:\AvanD\PRIBADI\PEKERJAAN\FREELANCE\Avan Consultant\Website\warehouse-inventory\vendor\laravel\framework\src\Illuminate\Http\Response.php(78): Illuminate\View\View->render()
#14 F:\AvanD\PRIBADI\PEKERJAAN\FREELANCE\Avan Consultant\Website\warehouse-inventory\vendor\laravel\framework\src\Illuminate\Http\Response.php(34): Illuminate\Http\Response->setContent(Object(Illuminate\View\View))
#15 F:\AvanD\PRIBADI\PEKERJAAN\FREELANCE\Avan Consultant\Website\warehouse-inventory\vendor\laravel\framework\src\Illuminate\Routing\Router.php(939): Illuminate\Http\Response->__construct(Object(Illuminate\View\View), 200, Array)
#16 F:\AvanD\PRIBADI\PEKERJAAN\FREELANCE\Avan Consultant\Website\warehouse-inventory\vendor\laravel\framework\src\Illuminate\Routing\Router.php(906): Illuminate\Routing\Router::toResponse(Object(Illuminate\Http\Request), Object(Illuminate\View\View))
#17 F:\AvanD\PRIBADI\PEKERJAAN\FREELANCE\Avan Consultant\Website\warehouse-inventory\vendor\laravel\framework\src\Illuminate\Routing\Router.php(821): Illuminate\Routing\Router->prepareResponse(Object(Illuminate\Http\Request), Object(Illuminate\View\View))
#18 F:\AvanD\PRIBADI\PEKERJAAN\FREELANCE\Avan Consultant\Website\warehouse-inventory\vendor\laravel\framework\src\Illuminate\Pipeline\Pipeline.php(180): Illuminate\Routing\Router->{closure:Illuminate\Routing\Router::runRouteWithinStack():821}(Object(Illuminate\Http\Request))
#19 F:\AvanD\PRIBADI\PEKERJAAN\FREELANCE\Avan Consultant\Website\warehouse-inventory\vendor\laravel\framework\src\Illuminate\Auth\Middleware\EnsureEmailIsVerified.php(41): Illuminate\Pipeline\Pipeline->{closure:Illuminate\Pipeline\Pipeline::prepareDestination():178}(Object(Illuminate\Http\Request))
#20 F:\AvanD\PRIBADI\PEKERJAAN\FREELANCE\Avan Consultant\Website\warehouse-inventory\vendor\laravel\framework\src\Illuminate\Pipeline\Pipeline.php(219): Illuminate\Auth\Middleware\EnsureEmailIsVerified->handle(Object(Illuminate\Http\Request), Object(Closure))
#21 F:\AvanD\PRIBADI\PEKERJAAN\FREELANCE\Avan Consultant\Website\warehouse-inventory\app\Http\Middleware\CheckSubscriptionActive.php(38): Illuminate\Pipeline\Pipeline->{closure:{closure:Illuminate\Pipeline\Pipeline::carry():194}:195}(Object(Illuminate\Http\Request))
#22 F:\AvanD\PRIBADI\PEKERJAAN\FREELANCE\Avan Consultant\Website\warehouse-inventory\vendor\laravel\framework\src\Illuminate\Pipeline\Pipeline.php(219): App\Http\Middleware\CheckSubscriptionActive->handle(Object(Illuminate\Http\Request), Object(Closure))
#23 F:\AvanD\PRIBADI\PEKERJAAN\FREELANCE\Avan Consultant\Website\warehouse-inventory\app\Http\Middleware\LogUserActivity.php(25): Illuminate\Pipeline\Pipeline->{closure:{closure:Illuminate\Pipeline\Pipeline::carry():194}:195}(Object(Illuminate\Http\Request))
#24 F:\AvanD\PRIBADI\PEKERJAAN\FREELANCE\Avan Consultant\Website\warehouse-inventory\vendor\laravel\framework\src\Illuminate\Pipeline\Pipeline.php(219): App\Http\Middleware\LogUserActivity->handle(Object(Illuminate\Http\Request), Object(Closure))
#25 F:\AvanD\PRIBADI\PEKERJAAN\FREELANCE\Avan Consultant\Website\warehouse-inventory\app\Http\Middleware\BlockSuspiciousRequests.php(78): Illuminate\Pipeline\Pipeline->{closure:{closure:Illuminate\Pipeline\Pipeline::carry():194}:195}(Object(Illuminate\Http\Request))
#26 F:\AvanD\PRIBADI\PEKERJAAN\FREELANCE\Avan Consultant\Website\warehouse-inventory\vendor\laravel\framework\src\Illuminate\Pipeline\Pipeline.php(219): App\Http\Middleware\BlockSuspiciousRequests->handle(Object(Illuminate\Http\Request), Object(Closure))
#27 F:\AvanD\PRIBADI\PEKERJAAN\FREELANCE\Avan Consultant\Website\warehouse-inventory\app\Http\Middleware\SecurityHeaders.php(18): Illuminate\Pipeline\Pipeline->{closure:{closure:Illuminate\Pipeline\Pipeline::carry():194}:195}(Object(Illuminate\Http\Request))
#28 F:\AvanD\PRIBADI\PEKERJAAN\FREELANCE\Avan Consultant\Website\warehouse-inventory\vendor\laravel\framework\src\Illuminate\Pipeline\Pipeline.php(219): App\Http\Middleware\SecurityHeaders->handle(Object(Illuminate\Http\Request), Object(Closure))
#29 F:\AvanD\PRIBADI\PEKERJAAN\FREELANCE\Avan Consultant\Website\warehouse-inventory\app\Http\Middleware\SetLocaleMiddleware.php(42): Illuminate\Pipeline\Pipeline->{closure:{closure:Illuminate\Pipeline\Pipeline::carry():194}:195}(Object(Illuminate\Http\Request))
#30 F:\AvanD\PRIBADI\PEKERJAAN\FREELANCE\Avan Consultant\Website\warehouse-inventory\vendor\laravel\framework\src\Illuminate\Pipeline\Pipeline.php(219): App\Http\Middleware\SetLocaleMiddleware->handle(Object(Illuminate\Http\Request), Object(Closure))
#31 F:\AvanD\PRIBADI\PEKERJAAN\FREELANCE\Avan Consultant\Website\warehouse-inventory\vendor\laravel\framework\src\Illuminate\Routing\Middleware\SubstituteBindings.php(50): Illuminate\Pipeline\Pipeline->{closure:{closure:Illuminate\Pipeline\Pipeline::carry():194}:195}(Object(Illuminate\Http\Request))
#32 F:\AvanD\PRIBADI\PEKERJAAN\FREELANCE\Avan Consultant\Website\warehouse-inventory\vendor\laravel\framework\src\Illuminate\Pipeline\Pipeline.php(219): Illuminate\Routing\Middleware\SubstituteBindings->handle(Object(Illuminate\Http\Request), Object(Closure))
#33 F:\AvanD\PRIBADI\PEKERJAAN\FREELANCE\Avan Consultant\Website\warehouse-inventory\vendor\laravel\framework\src\Illuminate\Auth\Middleware\Authenticate.php(63): Illuminate\Pipeline\Pipeline->{closure:{closure:Illuminate\Pipeline\Pipeline::carry():194}:195}(Object(Illuminate\Http\Request))
#34 F:\AvanD\PRIBADI\PEKERJAAN\FREELANCE\Avan Consultant\Website\warehouse-inventory\vendor\laravel\framework\src\Illuminate\Pipeline\Pipeline.php(219): Illuminate\Auth\Middleware\Authenticate->handle(Object(Illuminate\Http\Request), Object(Closure))
#35 F:\AvanD\PRIBADI\PEKERJAAN\FREELANCE\Avan Consultant\Website\warehouse-inventory\vendor\laravel\framework\src\Illuminate\Foundation\Http\Middleware\VerifyCsrfToken.php(87): Illuminate\Pipeline\Pipeline->{closure:{closure:Illuminate\Pipeline\Pipeline::carry():194}:195}(Object(Illuminate\Http\Request))
#36 F:\AvanD\PRIBADI\PEKERJAAN\FREELANCE\Avan Consultant\Website\warehouse-inventory\vendor\laravel\framework\src\Illuminate\Pipeline\Pipeline.php(219): Illuminate\Foundation\Http\Middleware\VerifyCsrfToken->handle(Object(Illuminate\Http\Request), Object(Closure))
#37 F:\AvanD\PRIBADI\PEKERJAAN\FREELANCE\Avan Consultant\Website\warehouse-inventory\vendor\laravel\framework\src\Illuminate\View\Middleware\ShareErrorsFromSession.php(48): Illuminate\Pipeline\Pipeline->{closure:{closure:Illuminate\Pipeline\Pipeline::carry():194}:195}(Object(Illuminate\Http\Request))
#38 F:\AvanD\PRIBADI\PEKERJAAN\FREELANCE\Avan Consultant\Website\warehouse-inventory\vendor\laravel\framework\src\Illuminate\Pipeline\Pipeline.php(219): Illuminate\View\Middleware\ShareErrorsFromSession->handle(Object(Illuminate\Http\Request), Object(Closure))
#39 F:\AvanD\PRIBADI\PEKERJAAN\FREELANCE\Avan Consultant\Website\warehouse-inventory\vendor\laravel\framework\src\Illuminate\Session\Middleware\StartSession.php(120): Illuminate\Pipeline\Pipeline->{closure:{closure:Illuminate\Pipeline\Pipeline::carry():194}:195}(Object(Illuminate\Http\Request))
#40 F:\AvanD\PRIBADI\PEKERJAAN\FREELANCE\Avan Consultant\Website\warehouse-inventory\vendor\laravel\framework\src\Illuminate\Session\Middleware\StartSession.php(63): Illuminate\Session\Middleware\StartSession->handleStatefulRequest(Object(Illuminate\Http\Request), Object(Illuminate\Session\Store), Object(Closure))
#41 F:\AvanD\PRIBADI\PEKERJAAN\FREELANCE\Avan Consultant\Website\warehouse-inventory\vendor\laravel\framework\src\Illuminate\Pipeline\Pipeline.php(219): Illuminate\Session\Middleware\StartSession->handle(Object(Illuminate\Http\Request), Object(Closure))
#42 F:\AvanD\PRIBADI\PEKERJAAN\FREELANCE\Avan Consultant\Website\warehouse-inventory\vendor\laravel\framework\src\Illuminate\Cookie\Middleware\AddQueuedCookiesToResponse.php(36): Illuminate\Pipeline\Pipeline->{closure:{closure:Illuminate\Pipeline\Pipeline::carry():194}:195}(Object(Illuminate\Http\Request))
#43 F:\AvanD\PRIBADI\PEKERJAAN\FREELANCE\Avan Consultant\Website\warehouse-inventory\vendor\laravel\framework\src\Illuminate\Pipeline\Pipeline.php(219): Illuminate\Cookie\Middleware\AddQueuedCookiesToResponse->handle(Object(Illuminate\Http\Request), Object(Closure))
#44 F:\AvanD\PRIBADI\PEKERJAAN\FREELANCE\Avan Consultant\Website\warehouse-inventory\vendor\laravel\framework\src\Illuminate\Cookie\Middleware\EncryptCookies.php(74): Illuminate\Pipeline\Pipeline->{closure:{closure:Illuminate\Pipeline\Pipeline::carry():194}:195}(Object(Illuminate\Http\Request))
#45 F:\AvanD\PRIBADI\PEKERJAAN\FREELANCE\Avan Consultant\Website\warehouse-inventory\vendor\laravel\framework\src\Illuminate\Pipeline\Pipeline.php(219): Illuminate\Cookie\Middleware\EncryptCookies->handle(Object(Illuminate\Http\Request), Object(Closure))
#46 F:\AvanD\PRIBADI\PEKERJAAN\FREELANCE\Avan Consultant\Website\warehouse-inventory\vendor\laravel\framework\src\Illuminate\Pipeline\Pipeline.php(137): Illuminate\Pipeline\Pipeline->{closure:{closure:Illuminate\Pipeline\Pipeline::carry():194}:195}(Object(Illuminate\Http\Request))
#47 F:\AvanD\PRIBADI\PEKERJAAN\FREELANCE\Avan Consultant\Website\warehouse-inventory\vendor\laravel\framework\src\Illuminate\Routing\Router.php(821): Illuminate\Pipeline\Pipeline->then(Object(Closure))
#48 F:\AvanD\PRIBADI\PEKERJAAN\FREELANCE\Avan Consultant\Website\warehouse-inventory\vendor\laravel\framework\src\Illuminate\Routing\Router.php(800): Illuminate\Routing\Router->runRouteWithinStack(Object(Illuminate\Routing\Route), Object(Illuminate\Http\Request))
#49 F:\AvanD\PRIBADI\PEKERJAAN\FREELANCE\Avan Consultant\Website\warehouse-inventory\vendor\laravel\framework\src\Illuminate\Routing\Router.php(764): Illuminate\Routing\Router->runRoute(Object(Illuminate\Http\Request), Object(Illuminate\Routing\Route))
#50 F:\AvanD\PRIBADI\PEKERJAAN\FREELANCE\Avan Consultant\Website\warehouse-inventory\vendor\laravel\framework\src\Illuminate\Routing\Router.php(753): Illuminate\Routing\Router->dispatchToRoute(Object(Illuminate\Http\Request))
#51 F:\AvanD\PRIBADI\PEKERJAAN\FREELANCE\Avan Consultant\Website\warehouse-inventory\vendor\laravel\framework\src\Illuminate\Foundation\Http\Kernel.php(200): Illuminate\Routing\Router->dispatch(Object(Illuminate\Http\Request))
#52 F:\AvanD\PRIBADI\PEKERJAAN\FREELANCE\Avan Consultant\Website\warehouse-inventory\vendor\laravel\framework\src\Illuminate\Pipeline\Pipeline.php(180): Illuminate\Foundation\Http\Kernel->{closure:Illuminate\Foundation\Http\Kernel::dispatchToRouter():197}(Object(Illuminate\Http\Request))
#53 F:\AvanD\PRIBADI\PEKERJAAN\FREELANCE\Avan Consultant\Website\warehouse-inventory\vendor\laravel\framework\src\Illuminate\Foundation\Http\Middleware\TransformsRequest.php(21): Illuminate\Pipeline\Pipeline->{closure:Illuminate\Pipeline\Pipeline::prepareDestination():178}(Object(Illuminate\Http\Request))
#54 F:\AvanD\PRIBADI\PEKERJAAN\FREELANCE\Avan Consultant\Website\warehouse-inventory\vendor\laravel\framework\src\Illuminate\Foundation\Http\Middleware\ConvertEmptyStringsToNull.php(31): Illuminate\Foundation\Http\Middleware\TransformsRequest->handle(Object(Illuminate\Http\Request), Object(Closure))
#55 F:\AvanD\PRIBADI\PEKERJAAN\FREELANCE\Avan Consultant\Website\warehouse-inventory\vendor\laravel\framework\src\Illuminate\Pipeline\Pipeline.php(219): Illuminate\Foundation\Http\Middleware\ConvertEmptyStringsToNull->handle(Object(Illuminate\Http\Request), Object(Closure))
#56 F:\AvanD\PRIBADI\PEKERJAAN\FREELANCE\Avan Consultant\Website\warehouse-inventory\vendor\laravel\framework\src\Illuminate\Foundation\Http\Middleware\TransformsRequest.php(21): Illuminate\Pipeline\Pipeline->{closure:{closure:Illuminate\Pipeline\Pipeline::carry():194}:195}(Object(Illuminate\Http\Request))
#57 F:\AvanD\PRIBADI\PEKERJAAN\FREELANCE\Avan Consultant\Website\warehouse-inventory\vendor\laravel\framework\src\Illuminate\Foundation\Http\Middleware\TrimStrings.php(51): Illuminate\Foundation\Http\Middleware\TransformsRequest->handle(Object(Illuminate\Http\Request), Object(Closure))
#58 F:\AvanD\PRIBADI\PEKERJAAN\FREELANCE\Avan Consultant\Website\warehouse-inventory\vendor\laravel\framework\src\Illuminate\Pipeline\Pipeline.php(219): Illuminate\Foundation\Http\Middleware\TrimStrings->handle(Object(Illuminate\Http\Request), Object(Closure))
#59 F:\AvanD\PRIBADI\PEKERJAAN\FREELANCE\Avan Consultant\Website\warehouse-inventory\vendor\laravel\framework\src\Illuminate\Http\Middleware\ValidatePostSize.php(27): Illuminate\Pipeline\Pipeline->{closure:{closure:Illuminate\Pipeline\Pipeline::carry():194}:195}(Object(Illuminate\Http\Request))
#60 F:\AvanD\PRIBADI\PEKERJAAN\FREELANCE\Avan Consultant\Website\warehouse-inventory\vendor\laravel\framework\src\Illuminate\Pipeline\Pipeline.php(219): Illuminate\Http\Middleware\ValidatePostSize->handle(Object(Illuminate\Http\Request), Object(Closure))
#61 F:\AvanD\PRIBADI\PEKERJAAN\FREELANCE\Avan Consultant\Website\warehouse-inventory\vendor\laravel\framework\src\Illuminate\Foundation\Http\Middleware\PreventRequestsDuringMaintenance.php(109): Illuminate\Pipeline\Pipeline->{closure:{closure:Illuminate\Pipeline\Pipeline::carry():194}:195}(Object(Illuminate\Http\Request))
#62 F:\AvanD\PRIBADI\PEKERJAAN\FREELANCE\Avan Consultant\Website\warehouse-inventory\vendor\laravel\framework\src\Illuminate\Pipeline\Pipeline.php(219): Illuminate\Foundation\Http\Middleware\PreventRequestsDuringMaintenance->handle(Object(Illuminate\Http\Request), Object(Closure))
#63 F:\AvanD\PRIBADI\PEKERJAAN\FREELANCE\Avan Consultant\Website\warehouse-inventory\vendor\laravel\framework\src\Illuminate\Http\Middleware\HandleCors.php(48): Illuminate\Pipeline\Pipeline->{closure:{closure:Illuminate\Pipeline\Pipeline::carry():194}:195}(Object(Illuminate\Http\Request))
#64 F:\AvanD\PRIBADI\PEKERJAAN\FREELANCE\Avan Consultant\Website\warehouse-inventory\vendor\laravel\framework\src\Illuminate\Pipeline\Pipeline.php(219): Illuminate\Http\Middleware\HandleCors->handle(Object(Illuminate\Http\Request), Object(Closure))
#65 F:\AvanD\PRIBADI\PEKERJAAN\FREELANCE\Avan Consultant\Website\warehouse-inventory\vendor\laravel\framework\src\Illuminate\Http\Middleware\TrustProxies.php(58): Illuminate\Pipeline\Pipeline->{closure:{closure:Illuminate\Pipeline\Pipeline::carry():194}:195}(Object(Illuminate\Http\Request))
#66 F:\AvanD\PRIBADI\PEKERJAAN\FREELANCE\Avan Consultant\Website\warehouse-inventory\vendor\laravel\framework\src\Illuminate\Pipeline\Pipeline.php(219): Illuminate\Http\Middleware\TrustProxies->handle(Object(Illuminate\Http\Request), Object(Closure))
#67 F:\AvanD\PRIBADI\PEKERJAAN\FREELANCE\Avan Consultant\Website\warehouse-inventory\vendor\laravel\framework\src\Illuminate\Foundation\Http\Middleware\InvokeDeferredCallbacks.php(22): Illuminate\Pipeline\Pipeline->{closure:{closure:Illuminate\Pipeline\Pipeline::carry():194}:195}(Object(Illuminate\Http\Request))
#68 F:\AvanD\PRIBADI\PEKERJAAN\FREELANCE\Avan Consultant\Website\warehouse-inventory\vendor\laravel\framework\src\Illuminate\Pipeline\Pipeline.php(219): Illuminate\Foundation\Http\Middleware\InvokeDeferredCallbacks->handle(Object(Illuminate\Http\Request), Object(Closure))
#69 F:\AvanD\PRIBADI\PEKERJAAN\FREELANCE\Avan Consultant\Website\warehouse-inventory\vendor\laravel\framework\src\Illuminate\Http\Middleware\ValidatePathEncoding.php(26): Illuminate\Pipeline\Pipeline->{closure:{closure:Illuminate\Pipeline\Pipeline::carry():194}:195}(Object(Illuminate\Http\Request))
#70 F:\AvanD\PRIBADI\PEKERJAAN\FREELANCE\Avan Consultant\Website\warehouse-inventory\vendor\laravel\framework\src\Illuminate\Pipeline\Pipeline.php(219): Illuminate\Http\Middleware\ValidatePathEncoding->handle(Object(Illuminate\Http\Request), Object(Closure))
#71 F:\AvanD\PRIBADI\PEKERJAAN\FREELANCE\Avan Consultant\Website\warehouse-inventory\vendor\laravel\framework\src\Illuminate\Pipeline\Pipeline.php(137): Illuminate\Pipeline\Pipeline->{closure:{closure:Illuminate\Pipeline\Pipeline::carry():194}:195}(Object(Illuminate\Http\Request))
#72 F:\AvanD\PRIBADI\PEKERJAAN\FREELANCE\Avan Consultant\Website\warehouse-inventory\vendor\laravel\framework\src\Illuminate\Foundation\Http\Kernel.php(175): Illuminate\Pipeline\Pipeline->then(Object(Closure))
#73 F:\AvanD\PRIBADI\PEKERJAAN\FREELANCE\Avan Consultant\Website\warehouse-inventory\vendor\laravel\framework\src\Illuminate\Foundation\Http\Kernel.php(144): Illuminate\Foundation\Http\Kernel->sendRequestThroughRouter(Object(Illuminate\Http\Request))
#74 F:\AvanD\PRIBADI\PEKERJAAN\FREELANCE\Avan Consultant\Website\warehouse-inventory\vendor\laravel\framework\src\Illuminate\Foundation\Testing\Concerns\MakesHttpRequests.php(607): Illuminate\Foundation\Http\Kernel->handle(Object(Illuminate\Http\Request))
#75 F:\AvanD\PRIBADI\PEKERJAAN\FREELANCE\Avan Consultant\Website\warehouse-inventory\vendor\laravel\framework\src\Illuminate\Foundation\Testing\Concerns\MakesHttpRequests.php(368): Illuminate\Foundation\Testing\TestCase->call('GET', 'http://127.0.0....', Array, Array, Array, Array)
#76 F:\AvanD\PRIBADI\PEKERJAAN\FREELANCE\Avan Consultant\Website\warehouse-inventory\tests\Feature\UserLanguageTest.php(58): Illuminate\Foundation\Testing\TestCase->get('http://127.0.0....')
#77 F:\AvanD\PRIBADI\PEKERJAAN\FREELANCE\Avan Consultant\Website\warehouse-inventory\vendor\phpunit\phpunit\src\Framework\TestCase.php(1657): Tests\Feature\UserLanguageTest->test_middleware_uses_authenticated_user_locale()
#78 F:\AvanD\PRIBADI\PEKERJAAN\FREELANCE\Avan Consultant\Website\warehouse-inventory\vendor\phpunit\phpunit\src\Framework\TestCase.php(515): PHPUnit\Framework\TestCase->runTest()
#79 F:\AvanD\PRIBADI\PEKERJAAN\FREELANCE\Avan Consultant\Website\warehouse-inventory\vendor\phpunit\phpunit\src\Framework\TestRunner\TestRunner.php(87): PHPUnit\Framework\TestCase->runBare()
#80 F:\AvanD\PRIBADI\PEKERJAAN\FREELANCE\Avan Consultant\Website\warehouse-inventory\vendor\phpunit\phpunit\src\Framework\TestCase.php(361): PHPUnit\Framework\TestRunner->run(Object(Tests\Feature\UserLanguageTest))
#81 F:\AvanD\PRIBADI\PEKERJAAN\FREELANCE\Avan Consultant\Website\warehouse-inventory\vendor\phpunit\phpunit\src\Framework\TestSuite.php(369): PHPUnit\Framework\TestCase->run()
#82 F:\AvanD\PRIBADI\PEKERJAAN\FREELANCE\Avan Consultant\Website\warehouse-inventory\vendor\phpunit\phpunit\src\TextUI\TestRunner.php(64): PHPUnit\Framework\TestSuite->run()
#83 F:\AvanD\PRIBADI\PEKERJAAN\FREELANCE\Avan Consultant\Website\warehouse-inventory\vendor\phpunit\phpunit\src\TextUI\Application.php(211): PHPUnit\TextUI\TestRunner->run(Object(PHPUnit\TextUI\Configuration\Configuration), Object(PHPUnit\Runner\ResultCache\DefaultResultCache), Object(PHPUnit\Framework\TestSuite))
#84 F:\AvanD\PRIBADI\PEKERJAAN\FREELANCE\Avan Consultant\Website\warehouse-inventory\vendor\phpunit\phpunit\phpunit(104): PHPUnit\TextUI\Application->run(Array)
#85 {main}

Next Illuminate\View\ViewException: Route [locale.switch] not defined. (View: F:\AvanD\PRIBADI\PEKERJAAN\FREELANCE\Avan Consultant\Website\warehouse-inventory\resources\views\layouts\header.blade.php) (View: F:\AvanD\PRIBADI\PEKERJAAN\FREELANCE\Avan Consultant\Website\warehouse-inventory\resources\views\layouts\header.blade.php) (View: F:\AvanD\PRIBADI\PEKERJAAN\FREELANCE\Avan Consultant\Website\warehouse-inventory\resources\views\layouts\header.blade.php) in F:\AvanD\PRIBADI\PEKERJAAN\FREELANCE\Avan Consultant\Website\warehouse-inventory\vendor\laravel\framework\src\Illuminate\Routing\UrlGenerator.php:526
Stack trace:
#0 F:\AvanD\PRIBADI\PEKERJAAN\FREELANCE\Avan Consultant\Website\warehouse-inventory\vendor\laravel\framework\src\Illuminate\View\Engines\PhpEngine.php(59): Illuminate\View\Engines\CompilerEngine->handleViewException(Object(Illuminate\View\ViewException), 1)
#1 F:\AvanD\PRIBADI\PEKERJAAN\FREELANCE\Avan Consultant\Website\warehouse-inventory\vendor\laravel\framework\src\Illuminate\View\Engines\CompilerEngine.php(76): Illuminate\View\Engines\PhpEngine->evaluatePath('F:\\AvanD\\PRIBAD...', Array)
#2 F:\AvanD\PRIBADI\PEKERJAAN\FREELANCE\Avan Consultant\Website\warehouse-inventory\vendor\laravel\framework\src\Illuminate\View\View.php(208): Illuminate\View\Engines\CompilerEngine->get('F:\\AvanD\\PRIBAD...', Array)
#3 F:\AvanD\PRIBADI\PEKERJAAN\FREELANCE\Avan Consultant\Website\warehouse-inventory\vendor\laravel\framework\src\Illuminate\View\View.php(191): Illuminate\View\View->getContents()
#4 F:\AvanD\PRIBADI\PEKERJAAN\FREELANCE\Avan Consultant\Website\warehouse-inventory\vendor\laravel\framework\src\Illuminate\View\View.php(160): Illuminate\View\View->renderContents()
#5 F:\AvanD\PRIBADI\PEKERJAAN\FREELANCE\Avan Consultant\Website\warehouse-inventory\vendor\laravel\framework\src\Illuminate\Http\Response.php(78): Illuminate\View\View->render()
#6 F:\AvanD\PRIBADI\PEKERJAAN\FREELANCE\Avan Consultant\Website\warehouse-inventory\vendor\laravel\framework\src\Illuminate\Http\Response.php(34): Illuminate\Http\Response->setContent(Object(Illuminate\View\View))
#7 F:\AvanD\PRIBADI\PEKERJAAN\FREELANCE\Avan Consultant\Website\warehouse-inventory\vendor\laravel\framework\src\Illuminate\Routing\Router.php(939): Illuminate\Http\Response->__construct(Object(Illuminate\View\View), 200, Array)
#8 F:\AvanD\PRIBADI\PEKERJAAN\FREELANCE\Avan Consultant\Website\warehouse-inventory\vendor\laravel\framework\src\Illuminate\Routing\Router.php(906): Illuminate\Routing\Router::toResponse(Object(Illuminate\Http\Request), Object(Illuminate\View\View))
#9 F:\AvanD\PRIBADI\PEKERJAAN\FREELANCE\Avan Consultant\Website\warehouse-inventory\vendor\laravel\framework\src\Illuminate\Routing\Router.php(821): Illuminate\Routing\Router->prepareResponse(Object(Illuminate\Http\Request), Object(Illuminate\View\View))
#10 F:\AvanD\PRIBADI\PEKERJAAN\FREELANCE\Avan Consultant\Website\warehouse-inventory\vendor\laravel\framework\src\Illuminate\Pipeline\Pipeline.php(180): Illuminate\Routing\Router->{closure:Illuminate\Routing\Router::runRouteWithinStack():821}(Object(Illuminate\Http\Request))
#11 F:\AvanD\PRIBADI\PEKERJAAN\FREELANCE\Avan Consultant\Website\warehouse-inventory\vendor\laravel\framework\src\Illuminate\Auth\Middleware\EnsureEmailIsVerified.php(41): Illuminate\Pipeline\Pipeline->{closure:Illuminate\Pipeline\Pipeline::prepareDestination():178}(Object(Illuminate\Http\Request))
#12 F:\AvanD\PRIBADI\PEKERJAAN\FREELANCE\Avan Consultant\Website\warehouse-inventory\vendor\laravel\framework\src\Illuminate\Pipeline\Pipeline.php(219): Illuminate\Auth\Middleware\EnsureEmailIsVerified->handle(Object(Illuminate\Http\Request), Object(Closure))
#13 F:\AvanD\PRIBADI\PEKERJAAN\FREELANCE\Avan Consultant\Website\warehouse-inventory\app\Http\Middleware\CheckSubscriptionActive.php(38): Illuminate\Pipeline\Pipeline->{closure:{closure:Illuminate\Pipeline\Pipeline::carry():194}:195}(Object(Illuminate\Http\Request))
#14 F:\AvanD\PRIBADI\PEKERJAAN\FREELANCE\Avan Consultant\Website\warehouse-inventory\vendor\laravel\framework\src\Illuminate\Pipeline\Pipeline.php(219): App\Http\Middleware\CheckSubscriptionActive->handle(Object(Illuminate\Http\Request), Object(Closure))
#15 F:\AvanD\PRIBADI\PEKERJAAN\FREELANCE\Avan Consultant\Website\warehouse-inventory\app\Http\Middleware\LogUserActivity.php(25): Illuminate\Pipeline\Pipeline->{closure:{closure:Illuminate\Pipeline\Pipeline::carry():194}:195}(Object(Illuminate\Http\Request))
#16 F:\AvanD\PRIBADI\PEKERJAAN\FREELANCE\Avan Consultant\Website\warehouse-inventory\vendor\laravel\framework\src\Illuminate\Pipeline\Pipeline.php(219): App\Http\Middleware\LogUserActivity->handle(Object(Illuminate\Http\Request), Object(Closure))
#17 F:\AvanD\PRIBADI\PEKERJAAN\FREELANCE\Avan Consultant\Website\warehouse-inventory\app\Http\Middleware\BlockSuspiciousRequests.php(78): Illuminate\Pipeline\Pipeline->{closure:{closure:Illuminate\Pipeline\Pipeline::carry():194}:195}(Object(Illuminate\Http\Request))
#18 F:\AvanD\PRIBADI\PEKERJAAN\FREELANCE\Avan Consultant\Website\warehouse-inventory\vendor\laravel\framework\src\Illuminate\Pipeline\Pipeline.php(219): App\Http\Middleware\BlockSuspiciousRequests->handle(Object(Illuminate\Http\Request), Object(Closure))
#19 F:\AvanD\PRIBADI\PEKERJAAN\FREELANCE\Avan Consultant\Website\warehouse-inventory\app\Http\Middleware\SecurityHeaders.php(18): Illuminate\Pipeline\Pipeline->{closure:{closure:Illuminate\Pipeline\Pipeline::carry():194}:195}(Object(Illuminate\Http\Request))
#20 F:\AvanD\PRIBADI\PEKERJAAN\FREELANCE\Avan Consultant\Website\warehouse-inventory\vendor\laravel\framework\src\Illuminate\Pipeline\Pipeline.php(219): App\Http\Middleware\SecurityHeaders->handle(Object(Illuminate\Http\Request), Object(Closure))
#21 F:\AvanD\PRIBADI\PEKERJAAN\FREELANCE\Avan Consultant\Website\warehouse-inventory\app\Http\Middleware\SetLocaleMiddleware.php(42): Illuminate\Pipeline\Pipeline->{closure:{closure:Illuminate\Pipeline\Pipeline::carry():194}:195}(Object(Illuminate\Http\Request))
#22 F:\AvanD\PRIBADI\PEKERJAAN\FREELANCE\Avan Consultant\Website\warehouse-inventory\vendor\laravel\framework\src\Illuminate\Pipeline\Pipeline.php(219): App\Http\Middleware\SetLocaleMiddleware->handle(Object(Illuminate\Http\Request), Object(Closure))
#23 F:\AvanD\PRIBADI\PEKERJAAN\FREELANCE\Avan Consultant\Website\warehouse-inventory\vendor\laravel\framework\src\Illuminate\Routing\Middleware\SubstituteBindings.php(50): Illuminate\Pipeline\Pipeline->{closure:{closure:Illuminate\Pipeline\Pipeline::carry():194}:195}(Object(Illuminate\Http\Request))
#24 F:\AvanD\PRIBADI\PEKERJAAN\FREELANCE\Avan Consultant\Website\warehouse-inventory\vendor\laravel\framework\src\Illuminate\Pipeline\Pipeline.php(219): Illuminate\Routing\Middleware\SubstituteBindings->handle(Object(Illuminate\Http\Request), Object(Closure))
#25 F:\AvanD\PRIBADI\PEKERJAAN\FREELANCE\Avan Consultant\Website\warehouse-inventory\vendor\laravel\framework\src\Illuminate\Auth\Middleware\Authenticate.php(63): Illuminate\Pipeline\Pipeline->{closure:{closure:Illuminate\Pipeline\Pipeline::carry():194}:195}(Object(Illuminate\Http\Request))
#26 F:\AvanD\PRIBADI\PEKERJAAN\FREELANCE\Avan Consultant\Website\warehouse-inventory\vendor\laravel\framework\src\Illuminate\Pipeline\Pipeline.php(219): Illuminate\Auth\Middleware\Authenticate->handle(Object(Illuminate\Http\Request), Object(Closure))
#27 F:\AvanD\PRIBADI\PEKERJAAN\FREELANCE\Avan Consultant\Website\warehouse-inventory\vendor\laravel\framework\src\Illuminate\Foundation\Http\Middleware\VerifyCsrfToken.php(87): Illuminate\Pipeline\Pipeline->{closure:{closure:Illuminate\Pipeline\Pipeline::carry():194}:195}(Object(Illuminate\Http\Request))
#28 F:\AvanD\PRIBADI\PEKERJAAN\FREELANCE\Avan Consultant\Website\warehouse-inventory\vendor\laravel\framework\src\Illuminate\Pipeline\Pipeline.php(219): Illuminate\Foundation\Http\Middleware\VerifyCsrfToken->handle(Object(Illuminate\Http\Request), Object(Closure))
#29 F:\AvanD\PRIBADI\PEKERJAAN\FREELANCE\Avan Consultant\Website\warehouse-inventory\vendor\laravel\framework\src\Illuminate\View\Middleware\ShareErrorsFromSession.php(48): Illuminate\Pipeline\Pipeline->{closure:{closure:Illuminate\Pipeline\Pipeline::carry():194}:195}(Object(Illuminate\Http\Request))
#30 F:\AvanD\PRIBADI\PEKERJAAN\FREELANCE\Avan Consultant\Website\warehouse-inventory\vendor\laravel\framework\src\Illuminate\Pipeline\Pipeline.php(219): Illuminate\View\Middleware\ShareErrorsFromSession->handle(Object(Illuminate\Http\Request), Object(Closure))
#31 F:\AvanD\PRIBADI\PEKERJAAN\FREELANCE\Avan Consultant\Website\warehouse-inventory\vendor\laravel\framework\src\Illuminate\Session\Middleware\StartSession.php(120): Illuminate\Pipeline\Pipeline->{closure:{closure:Illuminate\Pipeline\Pipeline::carry():194}:195}(Object(Illuminate\Http\Request))
#32 F:\AvanD\PRIBADI\PEKERJAAN\FREELANCE\Avan Consultant\Website\warehouse-inventory\vendor\laravel\framework\src\Illuminate\Session\Middleware\StartSession.php(63): Illuminate\Session\Middleware\StartSession->handleStatefulRequest(Object(Illuminate\Http\Request), Object(Illuminate\Session\Store), Object(Closure))
#33 F:\AvanD\PRIBADI\PEKERJAAN\FREELANCE\Avan Consultant\Website\warehouse-inventory\vendor\laravel\framework\src\Illuminate\Pipeline\Pipeline.php(219): Illuminate\Session\Middleware\StartSession->handle(Object(Illuminate\Http\Request), Object(Closure))
#34 F:\AvanD\PRIBADI\PEKERJAAN\FREELANCE\Avan Consultant\Website\warehouse-inventory\vendor\laravel\framework\src\Illuminate\Cookie\Middleware\AddQueuedCookiesToResponse.php(36): Illuminate\Pipeline\Pipeline->{closure:{closure:Illuminate\Pipeline\Pipeline::carry():194}:195}(Object(Illuminate\Http\Request))
#35 F:\AvanD\PRIBADI\PEKERJAAN\FREELANCE\Avan Consultant\Website\warehouse-inventory\vendor\laravel\framework\src\Illuminate\Pipeline\Pipeline.php(219): Illuminate\Cookie\Middleware\AddQueuedCookiesToResponse->handle(Object(Illuminate\Http\Request), Object(Closure))
#36 F:\AvanD\PRIBADI\PEKERJAAN\FREELANCE\Avan Consultant\Website\warehouse-inventory\vendor\laravel\framework\src\Illuminate\Cookie\Middleware\EncryptCookies.php(74): Illuminate\Pipeline\Pipeline->{closure:{closure:Illuminate\Pipeline\Pipeline::carry():194}:195}(Object(Illuminate\Http\Request))
#37 F:\AvanD\PRIBADI\PEKERJAAN\FREELANCE\Avan Consultant\Website\warehouse-inventory\vendor\laravel\framework\src\Illuminate\Pipeline\Pipeline.php(219): Illuminate\Cookie\Middleware\EncryptCookies->handle(Object(Illuminate\Http\Request), Object(Closure))
#38 F:\AvanD\PRIBADI\PEKERJAAN\FREELANCE\Avan Consultant\Website\warehouse-inventory\vendor\laravel\framework\src\Illuminate\Pipeline\Pipeline.php(137): Illuminate\Pipeline\Pipeline->{closure:{closure:Illuminate\Pipeline\Pipeline::carry():194}:195}(Object(Illuminate\Http\Request))
#39 F:\AvanD\PRIBADI\PEKERJAAN\FREELANCE\Avan Consultant\Website\warehouse-inventory\vendor\laravel\framework\src\Illuminate\Routing\Router.php(821): Illuminate\Pipeline\Pipeline->then(Object(Closure))
#40 F:\AvanD\PRIBADI\PEKERJAAN\FREELANCE\Avan Consultant\Website\warehouse-inventory\vendor\laravel\framework\src\Illuminate\Routing\Router.php(800): Illuminate\Routing\Router->runRouteWithinStack(Object(Illuminate\Routing\Route), Object(Illuminate\Http\Request))
#41 F:\AvanD\PRIBADI\PEKERJAAN\FREELANCE\Avan Consultant\Website\warehouse-inventory\vendor\laravel\framework\src\Illuminate\Routing\Router.php(764): Illuminate\Routing\Router->runRoute(Object(Illuminate\Http\Request), Object(Illuminate\Routing\Route))
#42 F:\AvanD\PRIBADI\PEKERJAAN\FREELANCE\Avan Consultant\Website\warehouse-inventory\vendor\laravel\framework\src\Illuminate\Routing\Router.php(753): Illuminate\Routing\Router->dispatchToRoute(Object(Illuminate\Http\Request))
#43 F:\AvanD\PRIBADI\PEKERJAAN\FREELANCE\Avan Consultant\Website\warehouse-inventory\vendor\laravel\framework\src\Illuminate\Foundation\Http\Kernel.php(200): Illuminate\Routing\Router->dispatch(Object(Illuminate\Http\Request))
#44 F:\AvanD\PRIBADI\PEKERJAAN\FREELANCE\Avan Consultant\Website\warehouse-inventory\vendor\laravel\framework\src\Illuminate\Pipeline\Pipeline.php(180): Illuminate\Foundation\Http\Kernel->{closure:Illuminate\Foundation\Http\Kernel::dispatchToRouter():197}(Object(Illuminate\Http\Request))
#45 F:\AvanD\PRIBADI\PEKERJAAN\FREELANCE\Avan Consultant\Website\warehouse-inventory\vendor\laravel\framework\src\Illuminate\Foundation\Http\Middleware\TransformsRequest.php(21): Illuminate\Pipeline\Pipeline->{closure:Illuminate\Pipeline\Pipeline::prepareDestination():178}(Object(Illuminate\Http\Request))
#46 F:\AvanD\PRIBADI\PEKERJAAN\FREELANCE\Avan Consultant\Website\warehouse-inventory\vendor\laravel\framework\src\Illuminate\Foundation\Http\Middleware\ConvertEmptyStringsToNull.php(31): Illuminate\Foundation\Http\Middleware\TransformsRequest->handle(Object(Illuminate\Http\Request), Object(Closure))
#47 F:\AvanD\PRIBADI\PEKERJAAN\FREELANCE\Avan Consultant\Website\warehouse-inventory\vendor\laravel\framework\src\Illuminate\Pipeline\Pipeline.php(219): Illuminate\Foundation\Http\Middleware\ConvertEmptyStringsToNull->handle(Object(Illuminate\Http\Request), Object(Closure))
#48 F:\AvanD\PRIBADI\PEKERJAAN\FREELANCE\Avan Consultant\Website\warehouse-inventory\vendor\laravel\framework\src\Illuminate\Foundation\Http\Middleware\TransformsRequest.php(21): Illuminate\Pipeline\Pipeline->{closure:{closure:Illuminate\Pipeline\Pipeline::carry():194}:195}(Object(Illuminate\Http\Request))
#49 F:\AvanD\PRIBADI\PEKERJAAN\FREELANCE\Avan Consultant\Website\warehouse-inventory\vendor\laravel\framework\src\Illuminate\Foundation\Http\Middleware\TrimStrings.php(51): Illuminate\Foundation\Http\Middleware\TransformsRequest->handle(Object(Illuminate\Http\Request), Object(Closure))
#50 F:\AvanD\PRIBADI\PEKERJAAN\FREELANCE\Avan Consultant\Website\warehouse-inventory\vendor\laravel\framework\src\Illuminate\Pipeline\Pipeline.php(219): Illuminate\Foundation\Http\Middleware\TrimStrings->handle(Object(Illuminate\Http\Request), Object(Closure))
#51 F:\AvanD\PRIBADI\PEKERJAAN\FREELANCE\Avan Consultant\Website\warehouse-inventory\vendor\laravel\framework\src\Illuminate\Http\Middleware\ValidatePostSize.php(27): Illuminate\Pipeline\Pipeline->{closure:{closure:Illuminate\Pipeline\Pipeline::carry():194}:195}(Object(Illuminate\Http\Request))
#52 F:\AvanD\PRIBADI\PEKERJAAN\FREELANCE\Avan Consultant\Website\warehouse-inventory\vendor\laravel\framework\src\Illuminate\Pipeline\Pipeline.php(219): Illuminate\Http\Middleware\ValidatePostSize->handle(Object(Illuminate\Http\Request), Object(Closure))
#53 F:\AvanD\PRIBADI\PEKERJAAN\FREELANCE\Avan Consultant\Website\warehouse-inventory\vendor\laravel\framework\src\Illuminate\Foundation\Http\Middleware\PreventRequestsDuringMaintenance.php(109): Illuminate\Pipeline\Pipeline->{closure:{closure:Illuminate\Pipeline\Pipeline::carry():194}:195}(Object(Illuminate\Http\Request))
#54 F:\AvanD\PRIBADI\PEKERJAAN\FREELANCE\Avan Consultant\Website\warehouse-inventory\vendor\laravel\framework\src\Illuminate\Pipeline\Pipeline.php(219): Illuminate\Foundation\Http\Middleware\PreventRequestsDuringMaintenance->handle(Object(Illuminate\Http\Request), Object(Closure))
#55 F:\AvanD\PRIBADI\PEKERJAAN\FREELANCE\Avan Consultant\Website\warehouse-inventory\vendor\laravel\framework\src\Illuminate\Http\Middleware\HandleCors.php(48): Illuminate\Pipeline\Pipeline->{closure:{closure:Illuminate\Pipeline\Pipeline::carry():194}:195}(Object(Illuminate\Http\Request))
#56 F:\AvanD\PRIBADI\PEKERJAAN\FREELANCE\Avan Consultant\Website\warehouse-inventory\vendor\laravel\framework\src\Illuminate\Pipeline\Pipeline.php(219): Illuminate\Http\Middleware\HandleCors->handle(Object(Illuminate\Http\Request), Object(Closure))
#57 F:\AvanD\PRIBADI\PEKERJAAN\FREELANCE\Avan Consultant\Website\warehouse-inventory\vendor\laravel\framework\src\Illuminate\Http\Middleware\TrustProxies.php(58): Illuminate\Pipeline\Pipeline->{closure:{closure:Illuminate\Pipeline\Pipeline::carry():194}:195}(Object(Illuminate\Http\Request))
#58 F:\AvanD\PRIBADI\PEKERJAAN\FREELANCE\Avan Consultant\Website\warehouse-inventory\vendor\laravel\framework\src\Illuminate\Pipeline\Pipeline.php(219): Illuminate\Http\Middleware\TrustProxies->handle(Object(Illuminate\Http\Request), Object(Closure))
#59 F:\AvanD\PRIBADI\PEKERJAAN\FREELANCE\Avan Consultant\Website\warehouse-inventory\vendor\laravel\framework\src\Illuminate\Foundation\Http\Middleware\InvokeDeferredCallbacks.php(22): Illuminate\Pipeline\Pipeline->{closure:{closure:Illuminate\Pipeline\Pipeline::carry():194}:195}(Object(Illuminate\Http\Request))
#60 F:\AvanD\PRIBADI\PEKERJAAN\FREELANCE\Avan Consultant\Website\warehouse-inventory\vendor\laravel\framework\src\Illuminate\Pipeline\Pipeline.php(219): Illuminate\Foundation\Http\Middleware\InvokeDeferredCallbacks->handle(Object(Illuminate\Http\Request), Object(Closure))
#61 F:\AvanD\PRIBADI\PEKERJAAN\FREELANCE\Avan Consultant\Website\warehouse-inventory\vendor\laravel\framework\src\Illuminate\Http\Middleware\ValidatePathEncoding.php(26): Illuminate\Pipeline\Pipeline->{closure:{closure:Illuminate\Pipeline\Pipeline::carry():194}:195}(Object(Illuminate\Http\Request))
#62 F:\AvanD\PRIBADI\PEKERJAAN\FREELANCE\Avan Consultant\Website\warehouse-inventory\vendor\laravel\framework\src\Illuminate\Pipeline\Pipeline.php(219): Illuminate\Http\Middleware\ValidatePathEncoding->handle(Object(Illuminate\Http\Request), Object(Closure))
#63 F:\AvanD\PRIBADI\PEKERJAAN\FREELANCE\Avan Consultant\Website\warehouse-inventory\vendor\laravel\framework\src\Illuminate\Pipeline\Pipeline.php(137): Illuminate\Pipeline\Pipeline->{closure:{closure:Illuminate\Pipeline\Pipeline::carry():194}:195}(Object(Illuminate\Http\Request))
#64 F:\AvanD\PRIBADI\PEKERJAAN\FREELANCE\Avan Consultant\Website\warehouse-inventory\vendor\laravel\framework\src\Illuminate\Foundation\Http\Kernel.php(175): Illuminate\Pipeline\Pipeline->then(Object(Closure))
#65 F:\AvanD\PRIBADI\PEKERJAAN\FREELANCE\Avan Consultant\Website\warehouse-inventory\vendor\laravel\framework\src\Illuminate\Foundation\Http\Kernel.php(144): Illuminate\Foundation\Http\Kernel->sendRequestThroughRouter(Object(Illuminate\Http\Request))
#66 F:\AvanD\PRIBADI\PEKERJAAN\FREELANCE\Avan Consultant\Website\warehouse-inventory\vendor\laravel\framework\src\Illuminate\Foundation\Testing\Concerns\MakesHttpRequests.php(607): Illuminate\Foundation\Http\Kernel->handle(Object(Illuminate\Http\Request))
#67 F:\AvanD\PRIBADI\PEKERJAAN\FREELANCE\Avan Consultant\Website\warehouse-inventory\vendor\laravel\framework\src\Illuminate\Foundation\Testing\Concerns\MakesHttpRequests.php(368): Illuminate\Foundation\Testing\TestCase->call('GET', 'http://127.0.0....', Array, Array, Array, Array)
#68 F:\AvanD\PRIBADI\PEKERJAAN\FREELANCE\Avan Consultant\Website\warehouse-inventory\tests\Feature\UserLanguageTest.php(58): Illuminate\Foundation\Testing\TestCase->get('http://127.0.0....')
#69 F:\AvanD\PRIBADI\PEKERJAAN\FREELANCE\Avan Consultant\Website\warehouse-inventory\vendor\phpunit\phpunit\src\Framework\TestCase.php(1657): Tests\Feature\UserLanguageTest->test_middleware_uses_authenticated_user_locale()
#70 F:\AvanD\PRIBADI\PEKERJAAN\FREELANCE\Avan Consultant\Website\warehouse-inventory\vendor\phpunit\phpunit\src\Framework\TestCase.php(515): PHPUnit\Framework\TestCase->runTest()
#71 F:\AvanD\PRIBADI\PEKERJAAN\FREELANCE\Avan Consultant\Website\warehouse-inventory\vendor\phpunit\phpunit\src\Framework\TestRunner\TestRunner.php(87): PHPUnit\Framework\TestCase->runBare()
#72 F:\AvanD\PRIBADI\PEKERJAAN\FREELANCE\Avan Consultant\Website\warehouse-inventory\vendor\phpunit\phpunit\src\Framework\TestCase.php(361): PHPUnit\Framework\TestRunner->run(Object(Tests\Feature\UserLanguageTest))
#73 F:\AvanD\PRIBADI\PEKERJAAN\FREELANCE\Avan Consultant\Website\warehouse-inventory\vendor\phpunit\phpunit\src\Framework\TestSuite.php(369): PHPUnit\Framework\TestCase->run()
#74 F:\AvanD\PRIBADI\PEKERJAAN\FREELANCE\Avan Consultant\Website\warehouse-inventory\vendor\phpunit\phpunit\src\TextUI\TestRunner.php(64): PHPUnit\Framework\TestSuite->run()
#75 F:\AvanD\PRIBADI\PEKERJAAN\FREELANCE\Avan Consultant\Website\warehouse-inventory\vendor\phpunit\phpunit\src\TextUI\Application.php(211): PHPUnit\TextUI\TestRunner->run(Object(PHPUnit\TextUI\Configuration\Configuration), Object(PHPUnit\Runner\ResultCache\DefaultResultCache), Object(PHPUnit\Framework\TestSuite))
#76 F:\AvanD\PRIBADI\PEKERJAAN\FREELANCE\Avan Consultant\Website\warehouse-inventory\vendor\phpunit\phpunit\phpunit(104): PHPUnit\TextUI\Application->run(Array)
#77 {main}

----------------------------------------------------------------------------------

Route [locale.switch] not defined. (View: F:\AvanD\PRIBADI\PEKERJAAN\FREELANCE\Avan Consultant\Website\warehouse-inventory\resources\views\layouts\header.blade.php) (View: F:\AvanD\PRIBADI\PEKERJAAN\FREELANCE\Avan Consultant\Website\warehouse-inventory\resources\views\layouts\header.blade.php) (View: F:\AvanD\PRIBADI\PEKERJAAN\FREELANCE\Avan Consultant\Website\warehouse-inventory\resources\views\layouts\header.blade.php)

  at tests\Feature\UserLanguageTest.php:60
     56Γûò 
     57Γûò         $response = $this->actingAs($user)
     58Γûò              ->get(route('dashboard'));
     59Γûò              
  Γ₧£  60Γûò         $response->assertStatus(200);
     61Γûò         
     62Γûò         // dump('App Locale: ' . app()->getLocale());
     63Γûò         
     64Γûò         $this->assertEquals('en', app()->getLocale(), 'Middleware failed to set locale from user');


  Tests:    1 failed, 3 passed (9 assertions)
  Duration: 22.82s

